Archive member included to satisfy reference by file (symbol)

C:/ST/STM32CubeIDE_1.16.0/STM32CubeIDE/plugins/com.st.stm32cube.ide.mcu.externaltools.gnu-tools-for-stm32.12.3.rel1.win32_1.0.200.202406191623/tools/bin/../lib/gcc/arm-none-eabi/12.3.1/../../../../arm-none-eabi/lib/thumb/v6-m/nofp\libc_nano.a(libc_a-exit.o)
                              C:/ST/STM32CubeIDE_1.16.0/STM32CubeIDE/plugins/com.st.stm32cube.ide.mcu.externaltools.gnu-tools-for-stm32.12.3.rel1.win32_1.0.200.202406191623/tools/bin/../lib/gcc/arm-none-eabi/12.3.1/../../../../arm-none-eabi/lib/thumb/v6-m/nofp/crt0.o (exit)
C:/ST/STM32CubeIDE_1.16.0/STM32CubeIDE/plugins/com.st.stm32cube.ide.mcu.externaltools.gnu-tools-for-stm32.12.3.rel1.win32_1.0.200.202406191623/tools/bin/../lib/gcc/arm-none-eabi/12.3.1/../../../../arm-none-eabi/lib/thumb/v6-m/nofp\libc_nano.a(libc_a-findfp.o)
                              C:/ST/STM32CubeIDE_1.16.0/STM32CubeIDE/plugins/com.st.stm32cube.ide.mcu.externaltools.gnu-tools-for-stm32.12.3.rel1.win32_1.0.200.202406191623/tools/bin/../lib/gcc/arm-none-eabi/12.3.1/../../../../arm-none-eabi/lib/thumb/v6-m/nofp\libc_nano.a(libc_a-exit.o) (__stdio_exit_handler)
C:/ST/STM32CubeIDE_1.16.0/STM32CubeIDE/plugins/com.st.stm32cube.ide.mcu.externaltools.gnu-tools-for-stm32.12.3.rel1.win32_1.0.200.202406191623/tools/bin/../lib/gcc/arm-none-eabi/12.3.1/../../../../arm-none-eabi/lib/thumb/v6-m/nofp\libc_nano.a(libc_a-fwalk.o)
                              C:/ST/STM32CubeIDE_1.16.0/STM32CubeIDE/plugins/com.st.stm32cube.ide.mcu.externaltools.gnu-tools-for-stm32.12.3.rel1.win32_1.0.200.202406191623/tools/bin/../lib/gcc/arm-none-eabi/12.3.1/../../../../arm-none-eabi/lib/thumb/v6-m/nofp\libc_nano.a(libc_a-findfp.o) (_fwalk_sglue)
C:/ST/STM32CubeIDE_1.16.0/STM32CubeIDE/plugins/com.st.stm32cube.ide.mcu.externaltools.gnu-tools-for-stm32.12.3.rel1.win32_1.0.200.202406191623/tools/bin/../lib/gcc/arm-none-eabi/12.3.1/../../../../arm-none-eabi/lib/thumb/v6-m/nofp\libc_nano.a(libc_a-stdio.o)
                              C:/ST/STM32CubeIDE_1.16.0/STM32CubeIDE/plugins/com.st.stm32cube.ide.mcu.externaltools.gnu-tools-for-stm32.12.3.rel1.win32_1.0.200.202406191623/tools/bin/../lib/gcc/arm-none-eabi/12.3.1/../../../../arm-none-eabi/lib/thumb/v6-m/nofp\libc_nano.a(libc_a-findfp.o) (__sread)
C:/ST/STM32CubeIDE_1.16.0/STM32CubeIDE/plugins/com.st.stm32cube.ide.mcu.externaltools.gnu-tools-for-stm32.12.3.rel1.win32_1.0.200.202406191623/tools/bin/../lib/gcc/arm-none-eabi/12.3.1/../../../../arm-none-eabi/lib/thumb/v6-m/nofp\libc_nano.a(libc_a-memset.o)
                              C:/ST/STM32CubeIDE_1.16.0/STM32CubeIDE/plugins/com.st.stm32cube.ide.mcu.externaltools.gnu-tools-for-stm32.12.3.rel1.win32_1.0.200.202406191623/tools/bin/../lib/gcc/arm-none-eabi/12.3.1/../../../../arm-none-eabi/lib/thumb/v6-m/nofp/crt0.o (memset)
C:/ST/STM32CubeIDE_1.16.0/STM32CubeIDE/plugins/com.st.stm32cube.ide.mcu.externaltools.gnu-tools-for-stm32.12.3.rel1.win32_1.0.200.202406191623/tools/bin/../lib/gcc/arm-none-eabi/12.3.1/../../../../arm-none-eabi/lib/thumb/v6-m/nofp\libc_nano.a(libc_a-closer.o)
                              C:/ST/STM32CubeIDE_1.16.0/STM32CubeIDE/plugins/com.st.stm32cube.ide.mcu.externaltools.gnu-tools-for-stm32.12.3.rel1.win32_1.0.200.202406191623/tools/bin/../lib/gcc/arm-none-eabi/12.3.1/../../../../arm-none-eabi/lib/thumb/v6-m/nofp\libc_nano.a(libc_a-stdio.o) (_close_r)
C:/ST/STM32CubeIDE_1.16.0/STM32CubeIDE/plugins/com.st.stm32cube.ide.mcu.externaltools.gnu-tools-for-stm32.12.3.rel1.win32_1.0.200.202406191623/tools/bin/../lib/gcc/arm-none-eabi/12.3.1/../../../../arm-none-eabi/lib/thumb/v6-m/nofp\libc_nano.a(libc_a-reent.o)
                              C:/ST/STM32CubeIDE_1.16.0/STM32CubeIDE/plugins/com.st.stm32cube.ide.mcu.externaltools.gnu-tools-for-stm32.12.3.rel1.win32_1.0.200.202406191623/tools/bin/../lib/gcc/arm-none-eabi/12.3.1/../../../../arm-none-eabi/lib/thumb/v6-m/nofp\libc_nano.a(libc_a-closer.o) (errno)
C:/ST/STM32CubeIDE_1.16.0/STM32CubeIDE/plugins/com.st.stm32cube.ide.mcu.externaltools.gnu-tools-for-stm32.12.3.rel1.win32_1.0.200.202406191623/tools/bin/../lib/gcc/arm-none-eabi/12.3.1/../../../../arm-none-eabi/lib/thumb/v6-m/nofp\libc_nano.a(libc_a-impure.o)
                              C:/ST/STM32CubeIDE_1.16.0/STM32CubeIDE/plugins/com.st.stm32cube.ide.mcu.externaltools.gnu-tools-for-stm32.12.3.rel1.win32_1.0.200.202406191623/tools/bin/../lib/gcc/arm-none-eabi/12.3.1/../../../../arm-none-eabi/lib/thumb/v6-m/nofp\libc_nano.a(libc_a-reent.o) (_impure_ptr)
C:/ST/STM32CubeIDE_1.16.0/STM32CubeIDE/plugins/com.st.stm32cube.ide.mcu.externaltools.gnu-tools-for-stm32.12.3.rel1.win32_1.0.200.202406191623/tools/bin/../lib/gcc/arm-none-eabi/12.3.1/../../../../arm-none-eabi/lib/thumb/v6-m/nofp\libc_nano.a(libc_a-lseekr.o)
[...]
Memory Configuration

Name             Origin             Length             Attributes
RAM              0x20000000         0x00002000         xrw
FLASH            0x08000000         0x00008000         xr
*default*        0x00000000         0xffffffff

Linker script and memory map

LOAD C:/ST/STM32CubeIDE_1.16.0/STM32CubeIDE/plugins/com.st.stm32cube.ide.mcu.externaltools.gnu-tools-for-stm32.12.3.rel1.win32_1.0.200.202406191623/tools/bin/../lib/gcc/arm-none-eabi/12.3.1/thumb/v6-m/nofp/crti.o
LOAD C:/ST/STM32CubeIDE_1.16.0/STM32CubeIDE/plugins/com.st.stm32cube.ide.mcu.externaltools.gnu-tools-for-stm32.12.3.rel1.win32_1.0.200.202406191623/tools/bin/../lib/gcc/arm-none-eabi/12.3.1/thumb/v6-m/nofp/crtbegin.o
LOAD C:/ST/STM32CubeIDE_1.16.0/STM32CubeIDE/plugins/com.st.stm32cube.ide.mcu.externaltools.gnu-tools-for-stm32.12.3.rel1.win32_1.0.200.202406191623/tools/bin/../lib/gcc/arm-none-eabi/12.3.1/../../../../arm-none-eabi/lib/thumb/v6-m/nofp/crt0.o
LOAD ./Core/Src/LoRa.o
LOAD ./Core/Src/adc.o
LOAD ./Core/Src/dma.o
LOAD ./Core/Src/gpio.o
LOAD ./Core/Src/main.o
LOAD ./Core/Src/rtc.o
LOAD ./Core/Src/spi.o
LOAD ./Core/Src/stm32g0xx_hal_msp.o
LOAD ./Core/Src/stm32g0xx_it.o
LOAD ./Core/Src/syscalls.o
LOAD ./Core/Src/sysmem.o
LOAD ./Core/Src/system_stm32g0xx.o
LOAD ./Core/Src/usart.o
LOAD ./Core/Startup/startup_stm32g030f6px.o
LOAD ./Drivers/STM32G0xx_HAL_Driver/Src/stm32g0xx_hal.o
LOAD ./Drivers/STM32G0xx_HAL_Driver/Src/stm32g0xx_hal_adc.o
LOAD ./Drivers/STM32G0xx_HAL_Driver/Src/stm32g0xx_hal_adc_ex.o
LOAD ./Drivers/STM32G0xx_HAL_Driver/Src/stm32g0xx_hal_cortex.o
LOAD ./Drivers/STM32G0xx_HAL_Driver/Src/stm32g0xx_hal_dma.o
LOAD ./Drivers/STM32G0xx_HAL_Driver/Src/stm32g0xx_hal_dma_ex.o
LOAD ./Drivers/STM32G0xx_HAL_Driver/Src/stm32g0xx_hal_exti.o
LOAD ./Drivers/STM32G0xx_HAL_Driver/Src/stm32g0xx_hal_flash.o
LOAD ./Drivers/STM32G0xx_HAL_Driver/Src/stm32g0xx_hal_flash_ex.o
LOAD ./Drivers/STM32G0xx_HAL_Driver/Src/stm32g0xx_hal_gpio.o
LOAD ./Drivers/STM32G0xx_HAL_Driver/Src/stm32g0xx_hal_pwr.o
LOAD ./Drivers/STM32G0xx_HAL_Driver/Src/stm32g0xx_hal_pwr_ex.o
LOAD ./Drivers/STM32G0xx_HAL_Driver/Src/stm32g0xx_hal_rcc.o
LOAD ./Drivers/STM32G0xx_HAL_Driver/Src/stm32g0xx_hal_rcc_ex.o
LOAD ./Drivers/STM32G0xx_HAL_Driver/Src/stm32g0xx_hal_rtc.o
LOAD ./Drivers/STM32G0xx_HAL_Driver/Src/stm32g0xx_hal_rtc_ex.o
LOAD ./Drivers/STM32G0xx_HAL_Driver/Src/stm32g0xx_hal_spi.o
LOAD ./Drivers/STM32G0xx_HAL_Driver/Src/stm32g0xx_hal_spi_ex.o
LOAD ./Drivers/STM32G0xx_HAL_Driver/Src/stm32g0xx_hal_tim.o
LOAD ./Drivers/STM32G0xx_HAL_Driver/Src/stm32g0xx_hal_tim_ex.o
LOAD ./Drivers/STM32G0xx_HAL_Driver/Src/stm32g0xx_hal_uart.o
LOAD ./Drivers/STM32G0xx_HAL_Driver/Src/stm32g0xx_hal_uart_ex.o
LOAD ./Drivers/STM32G0xx_HAL_Driver/Src/stm32g0xx_ll_adc.o
LOAD ./Drivers/STM32G0xx_HAL_Driver/Src/stm32g0xx_ll_rcc.o
START GROUP
LOAD C:/ST/STM32CubeIDE_1.16.0/STM32CubeIDE/plugins/com.st.stm32cube.ide.mcu.externaltools.gnu-tools-for-stm32.12.3.rel1.win32_1.0.200.202406191623/tools/bin/../lib/gcc/arm-none-eabi/12.3.1/../../../../arm-none-eabi/lib/thumb/v6-m/nofp\libstdc++_nano.a
LOAD C:/ST/STM32CubeIDE_1.16.0/STM32CubeIDE/plugins/com.st.stm32cube.ide.mcu.externaltools.gnu-tools-for-stm32.12.3.rel1.win32_1.0.200.202406191623/tools/bin/../lib/gcc/arm-none-eabi/12.3.1/../../../../arm-none-eabi/lib/thumb/v6-m/nofp\libsupc++_nano.a
END GROUP
LOAD C:/ST/STM32CubeIDE_1.16.0/STM32CubeIDE/plugins/com.st.stm32cube.ide.mcu.externaltools.gnu-tools-for-stm32.12.3.rel1.win32_1.0.200.202406191623/tools/bin/../lib/gcc/arm-none-eabi/12.3.1/../../../../arm-none-eabi/lib/thumb/v6-m/nofp\libstdc++_nano.a
LOAD C:/ST/STM32CubeIDE_1.16.0/STM32CubeIDE/plugins/com.st.stm32cube.ide.mcu.externaltools.gnu-tools-for-stm32.12.3.rel1.win32_1.0.200.202406191623/tools/bin/../lib/gcc/arm-none-eabi/12.3.1/../../../../arm-none-eabi/lib/thumb/v6-m/nofp\libm.a
LOAD C:/ST/STM32CubeIDE_1.16.0/STM32CubeIDE/plugins/com.st.stm32cube.ide.mcu.externaltools.gnu-tools-for-stm32.12.3.rel1.win32_1.0.200.202406191623/tools/bin/../lib/gcc/arm-none-eabi/12.3.1/../../../../arm-none-eabi/lib/thumb/v6-m/nofp\libc_nano.a
START GROUP
LOAD C:/ST/STM32CubeIDE_1.16.0/STM32CubeIDE/plugins/com.st.stm32cube.ide.mcu.externaltools.gnu-tools-for-stm32.12.3.rel1.win32_1.0.200.202406191623/tools/bin/../lib/gcc/arm-none-eabi/12.3.1/thumb/v6-m/nofp\libgcc.a
LOAD C:/ST/STM32CubeIDE_1.16.0/STM32CubeIDE/plugins/com.st.stm32cube.ide.mcu.externaltools.gnu-tools-for-stm32.12.3.rel1.win32_1.0.200.202406191623/tools/bin/../lib/gcc/arm-none-eabi/12.3.1/../../../../arm-none-eabi/lib/thumb/v6-m/nofp\libc_nano.a
END GROUP
START GROUP
LOAD C:/ST/STM32CubeIDE_1.16.0/STM32CubeIDE/plugins/com.st.stm32cube.ide.mcu.externaltools.gnu-tools-for-stm32.12.3.rel1.win32_1.0.200.202406191623/tools/bin/../lib/gcc/arm-none-eabi/12.3.1/thumb/v6-m/nofp\libgcc.a
LOAD C:/ST/STM32CubeIDE_1.16.0/STM32CubeIDE/plugins/com.st.stm32cube.ide.mcu.externaltools.gnu-tools-for-stm32.12.3.rel1.win32_1.0.200.202406191623/tools/bin/../lib/gcc/arm-none-eabi/12.3.1/../../../../arm-none-eabi/lib/thumb/v6-m/nofp\libc_nano.a
LOAD C:/ST/STM32CubeIDE_1.16.0/STM32CubeIDE/plugins/com.st.stm32cube.ide.mcu.externaltools.gnu-tools-for-stm32.12.3.rel1.win32_1.0.200.202406191623/tools/bin/../lib/gcc/arm-none-eabi/12.3.1/../../../../arm-none-eabi/lib/thumb/v6-m/nofp\libnosys.a
END GROUP
START GROUP
LOAD C:/ST/STM32CubeIDE_1.16.0/STM32CubeIDE/plugins/com.st.stm32cube.ide.mcu.externaltools.gnu-tools-for-stm32.12.3.rel1.win32_1.0.200.202406191623/tools/bin/../lib/gcc/arm-none-eabi/12.3.1/thumb/v6-m/nofp\libgcc.a
LOAD C:/ST/STM32CubeIDE_1.16.0/STM32CubeIDE/plugins/com.st.stm32cube.ide.mcu.externaltools.gnu-tools-for-stm32.12.3.rel1.win32_1.0.200.202406191623/tools/bin/../lib/gcc/arm-none-eabi/12.3.1/../../../../arm-none-eabi/lib/thumb/v6-m/nofp\libc_nano.a
LOAD C:/ST/STM32CubeIDE_1.16.0/STM32CubeIDE/plugins/com.st.stm32cube.ide.mcu.externaltools.gnu-tools-for-stm32.12.3.rel1.win32_1.0.200.202406191623/tools/bin/../lib/gcc/arm-none-eabi/12.3.1/../../../../arm-none-eabi/lib/thumb/v6-m/nofp\libnosys.a
END GROUP
LOAD C:/ST/STM32CubeIDE_1.16.0/STM32CubeIDE/plugins/com.st.stm32cube.ide.mcu.externaltools.gnu-tools-for-stm32.12.3.rel1.win32_1.0.200.202406191623/tools/bin/../lib/gcc/arm-none-eabi/12.3.1/thumb/v6-m/nofp/crtend.o
LOAD C:/ST/STM32CubeIDE_1.16.0/STM32CubeIDE/plugins/com.st.stm32cube.ide.mcu.externaltools.gnu-tools-for-stm32.12.3.rel1.win32_1.0.200.202406191623/tools/bin/../lib/gcc/arm-none-eabi/12.3.1/thumb/v6-m/nofp/crtn.o
                0x20002000                        _estack = (ORIGIN (RAM) + LENGTH (RAM))
                0x00000200                        _Min_Heap_Size = 0x200
                0x00000400                        _Min_Stack_Size = 0x400

.isr_vector     0x08000000       0xb8
                0x08000000                        . = ALIGN (0x4)
 *(.isr_vector)
 .isr_vector    0x08000000       0xb8 ./Core/Startup/startup_stm32g030f6px.o
                0x08000000                g_pfnVectors
                0x080000b8                        . = ALIGN (0x4)

.text           0x080000b8     0x5b90
                0x080000b8                        . = ALIGN (0x4)
 *(.text)
 .text          0x080000b8       0x48 C:/ST/STM32CubeIDE_1.16.0/STM32CubeIDE/plugins/com.st.stm32cube.ide.mcu.externaltools.gnu-tools-for-stm32.12.3.rel1.win32_1.0.200.202406191623/tools/bin/../lib/gcc/arm-none-eabi/12.3.1/thumb/v6-m/nofp/crtbegin.o
 .text          0x08000100      0x114 C:/ST/STM32CubeIDE_1.16.0/STM32CubeIDE/plugins/com.st.stm32cube.ide.mcu.externaltools.gnu-tools-for-stm32.12.3.rel1.win32_1.0.200.202406191623/tools/bin/../lib/gcc/arm-none-eabi/12.3.1/thumb/v6-m/nofp\libgcc.a(_udivsi3.o)
                0x08000100                __aeabi_uidiv
                0x08000100                __udivsi3
                0x0800020c                __aeabi_uidivmod
 .text          0x08000214      0x1d4 C:/ST/STM32CubeIDE_1.16.0/STM32CubeIDE/plugins/com.st.stm32cube.ide.mcu.externaltools.gnu-tools-for-stm32.12.3.rel1.win32_1.0.200.202406191623/tools/bin/../lib/gcc/arm-none-eabi/12.3.1/thumb/v6-m/nofp\libgcc.a(_divsi3.o)
                0x08000214                __divsi3
                0x08000214                __aeabi_idiv
                0x080003e0                __aeabi_idivmod
 .text          0x080003e8        0x4 C:/ST/STM32CubeIDE_1.16.0/STM32CubeIDE/plugins/com.st.stm32cube.ide.mcu.externaltools.gnu-tools-for-stm32.12.3.rel1.win32_1.0.200.202406191623/tools/bin/../lib/gcc/arm-none-eabi/12.3.1/thumb/v6-m/nofp\libgcc.a(_dvmd_tls.o)
                0x080003e8                __aeabi_idiv0
                0x080003e8                __aeabi_ldiv0
 .text          0x080003ec      0x634 C:/ST/STM32CubeIDE_1.16.0/STM32CubeIDE/plugins/com.st.stm32cube.ide.mcu.externaltools.gnu-tools-for-stm32.12.3.rel1.win32_1.0.200.202406191623/tools/bin/../lib/gcc/arm-none-eabi/12.3.1/thumb/v6-m/nofp\libgcc.a(divdf3.o)
                0x080003ec                __aeabi_ddiv
 .text          0x08000a20       0x78 C:/ST/STM32CubeIDE_1.16.0/STM32CubeIDE/plugins/com.st.stm32cube.ide.mcu.externaltools.gnu-tools-for-stm32.12.3.rel1.win32_1.0.200.202406191623/tools/bin/../lib/gcc/arm-none-eabi/12.3.1/thumb/v6-m/nofp\libgcc.a(fixdfsi.o)
                0x08000a20                __aeabi_d2iz
 .text          0x08000a98       0x5c C:/ST/STM32CubeIDE_1.16.0/STM32CubeIDE/plugins/com.st.stm32cube.ide.mcu.externaltools.gnu-tools-for-stm32.12.3.rel1.win32_1.0.200.202406191623/tools/bin/../lib/gcc/arm-none-eabi/12.3.1/thumb/v6-m/nofp\libgcc.a(floatsidf.o)
                0x08000a98                __aeabi_i2d
 .text          0x08000af4       0x3c C:/ST/STM32CubeIDE_1.16.0/STM32CubeIDE/plugins/com.st.stm32cube.ide.mcu.externaltools.gnu-tools-for-stm32.12.3.rel1.win32_1.0.200.202406191623/tools/bin/../lib/gcc/arm-none-eabi/12.3.1/thumb/v6-m/nofp\libgcc.a(_clzsi2.o)
                0x08000af4                __clzsi2
 *(.text*)
 .text.newLoRa  0x08000b30       0x5e ./Core/Src/LoRa.o
                0x08000b30                newLoRa
 .text.LoRa_gotoMode
                0x08000b8e       0xf8 ./Core/Src/LoRa.o
                0x08000b8e                LoRa_gotoMode
 .text.LoRa_readReg
                0x08000c86       0x86 ./Core/Src/LoRa.o
                0x08000c86                LoRa_readReg
 .text.LoRa_writeReg
                0x08000d0c       0x86 ./Core/Src/LoRa.o
                0x08000d0c                LoRa_writeReg
 .text.LoRa_setLowDaraRateOptimization
                0x08000d92       0x66 ./Core/Src/LoRa.o
                0x08000d92                LoRa_setLowDaraRateOptimization
 .text.LoRa_setAutoLDO
                0x08000df8       0x74 ./Core/Src/LoRa.o
                0x08000df8                LoRa_setAutoLDO
 .text.LoRa_setFrequency
                0x08000e6c       0x6e ./Core/Src/LoRa.o
                0x08000e6c                LoRa_setFrequency
 .text.LoRa_setSpreadingFactor
                0x08000eda       0x74 ./Core/Src/LoRa.o
                0x08000eda                LoRa_setSpreadingFactor
 .text.LoRa_setPower
                0x08000f4e       0x2a ./Core/Src/LoRa.o
                0x08000f4e                LoRa_setPower
 .text.LoRa_setOCP
                0x08000f78       0x9c ./Core/Src/LoRa.o
                0x08000f78                LoRa_setOCP
 .text.LoRa_setTOMsb_setCRCon
                0x08001014       0x44 ./Core/Src/LoRa.o
                0x08001014                LoRa_setTOMsb_setCRCon
 .text.LoRa_read
                0x08001058       0x3c ./Core/Src/LoRa.o
                0x08001058                LoRa_read
 .text.LoRa_write
                0x08001094       0x4c ./Core/Src/LoRa.o
                0x08001094                LoRa_write
 .text.LoRa_BurstWrite
                0x080010e0       0xa2 ./Core/Src/LoRa.o
                0x080010e0                LoRa_BurstWrite
 .text.LoRa_isvalid
                0x08001182       0x12 ./Core/Src/LoRa.o
                0x08001182                LoRa_isvalid
 .text.LoRa_transmit
                0x08001194       0xd6 ./Core/Src/LoRa.o
                0x08001194                LoRa_transmit
 .text.LoRa_startReceiving
                0x0800126a       0x1a ./Core/Src/LoRa.o
                0x0800126a                LoRa_startReceiving
 .text.LoRa_init
                0x08001284      0x1e6 ./Core/Src/LoRa.o
                0x08001284                LoRa_init
 *fill*         0x0800146a        0x2 
 .text.MX_ADC1_Init
                0x0800146c       0xcc ./Core/Src/adc.o
                0x0800146c                MX_ADC1_Init
 .text.HAL_ADC_MspInit
                0x08001538       0xe4 ./Core/Src/adc.o
                0x08001538                HAL_ADC_MspInit
 .text.MX_DMA_Init
                0x0800161c       0x3c ./Core/Src/dma.o
                0x0800161c                MX_DMA_Init
 .text.MX_GPIO_Init
                0x08001658      0x148 ./Core/Src/gpio.o
                0x08001658                MX_GPIO_Init
 .text.readLevel
                0x080017a0       0xb8 ./Core/Src/main.o
                0x080017a0                readLevel
 .text.enterShutDown
                0x08001858       0x60 ./Core/Src/main.o
                0x08001858                enterShutDown
 .text.main     0x080018b8      0x1f0 ./Core/Src/main.o
                0x080018b8                main
 .text.SystemClock_Config
                0x08001aa8       0x9a ./Core/Src/main.o
                0x08001aa8                SystemClock_Config
 .text.Error_Handler
                0x08001b42        0xc ./Core/Src/main.o
                0x08001b42                Error_Handler
 *fill*         0x08001b4e        0x2 
 .text.MX_RTC_Init
                0x08001b50       0x70 ./Core/Src/rtc.o
                0x08001b50                MX_RTC_Init
 .text.HAL_RTC_MspInit
                0x08001bc0       0x8c ./Core/Src/rtc.o
                0x08001bc0                HAL_RTC_MspInit
 .text.MX_SPI1_Init
                0x08001c4c       0x7c ./Core/Src/spi.o
                0x08001c4c                MX_SPI1_Init
 .text.HAL_SPI_MspInit
                0x08001cc8       0x98 ./Core/Src/spi.o
                0x08001cc8                HAL_SPI_MspInit
 .text.HAL_MspInit
                0x08001d60       0x48 ./Core/Src/stm32g0xx_hal_msp.o
                0x08001d60                HAL_MspInit
 .text.NMI_Handler
                0x08001da8        0x8 ./Core/Src/stm32g0xx_it.o
                0x08001da8                NMI_Handler
 .text.HardFault_Handler
                0x08001db0        0x8 ./Core/Src/stm32g0xx_it.o
                0x08001db0                HardFault_Handler
 .text.SVC_Handler
                0x08001db8        0xa ./Core/Src/stm32g0xx_it.o
                0x08001db8                SVC_Handler
 .text.PendSV_Handler
                0x08001dc2        0xa ./Core/Src/stm32g0xx_it.o
                0x08001dc2                PendSV_Handler
 .text.SysTick_Handler
                0x08001dcc        0xe ./Core/Src/stm32g0xx_it.o
                0x08001dcc                SysTick_Handler
 *fill*         0x08001dda        0x2 
 .text.RTC_TAMP_IRQHandler
                0x08001ddc       0x18 ./Core/Src/stm32g0xx_it.o
                0x08001ddc                RTC_TAMP_IRQHandler
 .text.DMA1_Channel1_IRQHandler
                0x08001df4       0x18 ./Core/Src/stm32g0xx_it.o
                0x08001df4                DMA1_Channel1_IRQHandler
 .text.SystemInit
                0x08001e0c        0xa ./Core/Src/system_stm32g0xx.o
                0x08001e0c                SystemInit
 *fill*         0x08001e16        0x2 
 .text.MX_USART1_UART_Init
                0x08001e18       0x9c ./Core/Src/usart.o
                0x08001e18                MX_USART1_UART_Init
 .text.HAL_UART_MspInit
                0x08001eb4       0xc4 ./Core/Src/usart.o
                0x08001eb4                HAL_UART_MspInit
 .text.Reset_Handler
                0x08001f78       0x50 ./Core/Startup/startup_stm32g030f6px.o
                0x08001f78                Reset_Handler
 .text.Default_Handler
                0x08001fc8        0x2 ./Core/Startup/startup_stm32g030f6px.o
                0x08001fc8                TIM1_CC_IRQHandler
                0x08001fc8                I2C1_IRQHandler
                0x08001fc8                SPI1_IRQHandler
                0x08001fc8                DMA1_Ch4_5_DMAMUX1_OVR_IRQHandler
                0x08001fc8                EXTI2_3_IRQHandler
                0x08001fc8                ADC1_IRQHandler
                0x08001fc8                I2C2_IRQHandler
                0x08001fc8                TIM17_IRQHandler
                0x08001fc8                TIM16_IRQHandler
                0x08001fc8                TIM3_IRQHandler
                0x08001fc8                EXTI4_15_IRQHandler
                0x08001fc8                RCC_IRQHandler
                0x08001fc8                Default_Handler
                0x08001fc8                TIM14_IRQHandler
                0x08001fc8                EXTI0_1_IRQHandler
                0x08001fc8                SPI2_IRQHandler
                0x08001fc8                WWDG_IRQHandler
                0x08001fc8                DMA1_Channel2_3_IRQHandler
                0x08001fc8                USART2_IRQHandler
                0x08001fc8                FLASH_IRQHandler
                0x08001fc8                USART1_IRQHandler
                0x08001fc8                TIM1_BRK_UP_TRG_COM_IRQHandler
 *fill*         0x08001fca        0x2 
 .text.HAL_Init
                0x08001fcc       0x40 ./Drivers/STM32G0xx_HAL_Driver/Src/stm32g0xx_hal.o
                0x08001fcc                HAL_Init
 .text.HAL_InitTick
                0x0800200c       0x94 ./Drivers/STM32G0xx_HAL_Driver/Src/stm32g0xx_hal.o
                0x0800200c                HAL_InitTick
 .text.HAL_IncTick
                0x080020a0       0x24 ./Drivers/STM32G0xx_HAL_Driver/Src/stm32g0xx_hal.o
                0x080020a0                HAL_IncTick
 .text.HAL_GetTick
                0x080020c4       0x14 ./Drivers/STM32G0xx_HAL_Driver/Src/stm32g0xx_hal.o
                0x080020c4                HAL_GetTick
 .text.HAL_Delay
                0x080020d8       0x48 ./Drivers/STM32G0xx_HAL_Driver/Src/stm32g0xx_hal.o
                0x080020d8                HAL_Delay
 .text.HAL_SuspendTick
                0x08002120       0x1c ./Drivers/STM32G0xx_HAL_Driver/Src/stm32g0xx_hal.o
                0x08002120                HAL_SuspendTick
 .text.LL_ADC_SetCommonPathInternalCh
                0x0800213c       0x28 ./Drivers/STM32G0xx_HAL_Driver/Src/stm32g0xx_hal_adc.o
 .text.LL_ADC_GetCommonPathInternalCh
                0x08002164       0x1a ./Drivers/STM32G0xx_HAL_Driver/Src/stm32g0xx_hal_adc.o
 .text.LL_ADC_SetSamplingTimeCommonChannels
                0x0800217e       0x3a ./Drivers/STM32G0xx_HAL_Driver/Src/stm32g0xx_hal_adc.o
 .text.LL_ADC_GetSamplingTimeCommonChannels
                0x080021b8       0x2e ./Drivers/STM32G0xx_HAL_Driver/Src/stm32g0xx_hal_adc.o
 .text.LL_ADC_REG_SetSequencerRanks
                0x080021e6       0x40 ./Drivers/STM32G0xx_HAL_Driver/Src/stm32g0xx_hal_adc.o
 .text.LL_ADC_REG_SetSequencerChAdd
                0x08002226       0x22 ./Drivers/STM32G0xx_HAL_Driver/Src/stm32g0xx_hal_adc.o
 .text.LL_ADC_REG_SetSequencerChRem
                0x08002248       0x24 ./Drivers/STM32G0xx_HAL_Driver/Src/stm32g0xx_hal_adc.o
 .text.LL_ADC_SetChannelSamplingTime
                0x0800226c       0x38 ./Drivers/STM32G0xx_HAL_Driver/Src/stm32g0xx_hal_adc.o
 .text.LL_ADC_EnableInternalRegulator
                0x080022a4       0x28 ./Drivers/STM32G0xx_HAL_Driver/Src/stm32g0xx_hal_adc.o
 .text.LL_ADC_IsInternalRegulatorEnabled
                0x080022cc       0x28 ./Drivers/STM32G0xx_HAL_Driver/Src/stm32g0xx_hal_adc.o
 .text.LL_ADC_IsEnabled
                0x080022f4       0x22 ./Drivers/STM32G0xx_HAL_Driver/Src/stm32g0xx_hal_adc.o
 .text.LL_ADC_REG_IsConversionOngoing
                0x08002316       0x22 ./Drivers/STM32G0xx_HAL_Driver/Src/stm32g0xx_hal_adc.o
 .text.HAL_ADC_Init
                0x08002338      0x350 ./Drivers/STM32G0xx_HAL_Driver/Src/stm32g0xx_hal_adc.o
                0x08002338                HAL_ADC_Init
 .text.HAL_ADC_ConfigChannel
                0x08002688      0x3b0 ./Drivers/STM32G0xx_HAL_Driver/Src/stm32g0xx_hal_adc.o
                0x08002688                HAL_ADC_ConfigChannel
 .text.__NVIC_EnableIRQ
                0x08002a38       0x34 ./Drivers/STM32G0xx_HAL_Driver/Src/stm32g0xx_hal_cortex.o
 .text.__NVIC_SetPriority
                0x08002a6c       0xdc ./Drivers/STM32G0xx_HAL_Driver/Src/stm32g0xx_hal_cortex.o
 .text.SysTick_Config
                0x08002b48       0x48 ./Drivers/STM32G0xx_HAL_Driver/Src/stm32g0xx_hal_cortex.o
 .text.HAL_NVIC_SetPriority
                0x08002b90       0x2a ./Drivers/STM32G0xx_HAL_Driver/Src/stm32g0xx_hal_cortex.o
                0x08002b90                HAL_NVIC_SetPriority
 .text.HAL_NVIC_EnableIRQ
                0x08002bba       0x20 ./Drivers/STM32G0xx_HAL_Driver/Src/stm32g0xx_hal_cortex.o
                0x08002bba                HAL_NVIC_EnableIRQ
 .text.HAL_SYSTICK_Config
                0x08002bda       0x1a ./Drivers/STM32G0xx_HAL_Driver/Src/stm32g0xx_hal_cortex.o
                0x08002bda                HAL_SYSTICK_Config
 .text.HAL_DMA_Init
                0x08002bf4      0x114 ./Drivers/STM32G0xx_HAL_Driver/Src/stm32g0xx_hal_dma.o
                0x08002bf4                HAL_DMA_Init
 .text.HAL_DMA_IRQHandler
                0x08002d08      0x164 ./Drivers/STM32G0xx_HAL_Driver/Src/stm32g0xx_hal_dma.o
                0x08002d08                HAL_DMA_IRQHandler
 .text.DMA_CalcDMAMUXChannelBaseAndMask
                0x08002e6c       0x58 ./Drivers/STM32G0xx_HAL_Driver/Src/stm32g0xx_hal_dma.o
 .text.DMA_CalcDMAMUXRequestGenBaseAndMask
                0x08002ec4       0x48 ./Drivers/STM32G0xx_HAL_Driver/Src/stm32g0xx_hal_dma.o
 .text.HAL_GPIO_Init
                0x08002f0c      0x2c8 ./Drivers/STM32G0xx_HAL_Driver/Src/stm32g0xx_hal_gpio.o
                0x08002f0c                HAL_GPIO_Init
 .text.HAL_GPIO_ReadPin
                0x080031d4       0x3a ./Drivers/STM32G0xx_HAL_Driver/Src/stm32g0xx_hal_gpio.o
                0x080031d4                HAL_GPIO_ReadPin
 .text.HAL_GPIO_WritePin
                0x0800320e       0x3a ./Drivers/STM32G0xx_HAL_Driver/Src/stm32g0xx_hal_gpio.o
                0x0800320e                HAL_GPIO_WritePin
 .text.HAL_GPIO_TogglePin
                0x08003248       0x36 ./Drivers/STM32G0xx_HAL_Driver/Src/stm32g0xx_hal_gpio.o
                0x08003248                HAL_GPIO_TogglePin
 *fill*         0x0800327e        0x2 
 .text.HAL_PWR_DisableWakeUpPin
                0x08003280       0x28 ./Drivers/STM32G0xx_HAL_Driver/Src/stm32g0xx_hal_pwr.o
                0x08003280                HAL_PWR_DisableWakeUpPin
 .text.HAL_PWR_EnterSTANDBYMode
                0x080032a8       0x34 ./Drivers/STM32G0xx_HAL_Driver/Src/stm32g0xx_hal_pwr.o
                0x080032a8                HAL_PWR_EnterSTANDBYMode
 .text.HAL_PWREx_ControlVoltageScaling
                0x080032dc       0x80 ./Drivers/STM32G0xx_HAL_Driver/Src/stm32g0xx_hal_pwr_ex.o
                0x080032dc                HAL_PWREx_ControlVoltageScaling
 .text.LL_RCC_GetAPB1Prescaler
                0x0800335c       0x18 ./Drivers/STM32G0xx_HAL_Driver/Src/stm32g0xx_hal_rcc.o
 .text.HAL_RCC_OscConfig
                0x08003374      0x620 ./Drivers/STM32G0xx_HAL_Driver/Src/stm32g0xx_hal_rcc.o
                0x08003374                HAL_RCC_OscConfig
 .text.HAL_RCC_ClockConfig
                0x08003994      0x210 ./Drivers/STM32G0xx_HAL_Driver/Src/stm32g0xx_hal_rcc.o
                0x08003994                HAL_RCC_ClockConfig
 .text.HAL_RCC_GetSysClockFreq
                0x08003ba4      0x104 ./Drivers/STM32G0xx_HAL_Driver/Src/stm32g0xx_hal_rcc.o
                0x08003ba4                HAL_RCC_GetSysClockFreq
 .text.HAL_RCC_GetHCLKFreq
                0x08003ca8       0x14 ./Drivers/STM32G0xx_HAL_Driver/Src/stm32g0xx_hal_rcc.o
                0x08003ca8                HAL_RCC_GetHCLKFreq
 .text.HAL_RCC_GetPCLK1Freq
                0x08003cbc       0x2c ./Drivers/STM32G0xx_HAL_Driver/Src/stm32g0xx_hal_rcc.o
                0x08003cbc                HAL_RCC_GetPCLK1Freq
 .text.HAL_RCCEx_PeriphCLKConfig
                0x08003ce8      0x24c ./Drivers/STM32G0xx_HAL_Driver/Src/stm32g0xx_hal_rcc_ex.o
                0x08003ce8                HAL_RCCEx_PeriphCLKConfig
 .text.HAL_RTC_Init
                0x08003f34      0x144 ./Drivers/STM32G0xx_HAL_Driver/Src/stm32g0xx_hal_rtc.o
                0x08003f34                HAL_RTC_Init
 .text.HAL_RTC_WaitForSynchro
                0x08004078       0x4c ./Drivers/STM32G0xx_HAL_Driver/Src/stm32g0xx_hal_rtc.o
                0x08004078                HAL_RTC_WaitForSynchro
 .text.RTC_EnterInitMode
                0x080040c4       0x84 ./Drivers/STM32G0xx_HAL_Driver/Src/stm32g0xx_hal_rtc.o
                0x080040c4                RTC_EnterInitMode
 .text.RTC_ExitInitMode
                0x08004148       0x88 ./Drivers/STM32G0xx_HAL_Driver/Src/stm32g0xx_hal_rtc.o
                0x08004148                RTC_ExitInitMode
 .text.HAL_RTCEx_SetWakeUpTimer_IT
                0x080041d0      0x134 ./Drivers/STM32G0xx_HAL_Driver/Src/stm32g0xx_hal_rtc_ex.o
                0x080041d0                HAL_RTCEx_SetWakeUpTimer_IT
 .text.HAL_RTCEx_WakeUpTimerIRQHandler
                0x08004304       0x3c ./Drivers/STM32G0xx_HAL_Driver/Src/stm32g0xx_hal_rtc_ex.o
                0x08004304                HAL_RTCEx_WakeUpTimerIRQHandler
 .text.HAL_RTCEx_WakeUpTimerEventCallback
                0x08004340       0x10 ./Drivers/STM32G0xx_HAL_Driver/Src/stm32g0xx_hal_rtc_ex.o
                0x08004340                HAL_RTCEx_WakeUpTimerEventCallback
 .text.HAL_SPI_Init
                0x08004350      0x170 ./Drivers/STM32G0xx_HAL_Driver/Src/stm32g0xx_hal_spi.o
                0x08004350                HAL_SPI_Init
 .text.HAL_SPI_Transmit
                0x080044c0      0x2be ./Drivers/STM32G0xx_HAL_Driver/Src/stm32g0xx_hal_spi.o
                0x080044c0                HAL_SPI_Transmit
 *fill*         0x0800477e        0x2 
 .text.HAL_SPI_Receive
                0x08004780      0x2a4 ./Drivers/STM32G0xx_HAL_Driver/Src/stm32g0xx_hal_spi.o
                0x08004780                HAL_SPI_Receive
 .text.HAL_SPI_TransmitReceive
                0x08004a24      0x3c4 ./Drivers/STM32G0xx_HAL_Driver/Src/stm32g0xx_hal_spi.o
                0x08004a24                HAL_SPI_TransmitReceive
 .text.HAL_SPI_GetState
                0x08004de8       0x18 ./Drivers/STM32G0xx_HAL_Driver/Src/stm32g0xx_hal_spi.o
                0x08004de8                HAL_SPI_GetState
 .text.SPI_WaitFlagStateUntilTimeout
                0x08004e00      0x11c ./Drivers/STM32G0xx_HAL_Driver/Src/stm32g0xx_hal_spi.o
 .text.SPI_WaitFifoStateUntilTimeout
                0x08004f1c      0x144 ./Drivers/STM32G0xx_HAL_Driver/Src/stm32g0xx_hal_spi.o
 .text.SPI_EndRxTransaction
                0x08005060       0xbc ./Drivers/STM32G0xx_HAL_Driver/Src/stm32g0xx_hal_spi.o
 .text.SPI_EndRxTxTransaction
                0x0800511c       0x8c ./Drivers/STM32G0xx_HAL_Driver/Src/stm32g0xx_hal_spi.o
 .text.HAL_UART_Init
                0x080051a8       0xac ./Drivers/STM32G0xx_HAL_Driver/Src/stm32g0xx_hal_uart.o
                0x080051a8                HAL_UART_Init
 .text.UART_SetConfig
                0x08005254      0x2d4 ./Drivers/STM32G0xx_HAL_Driver/Src/stm32g0xx_hal_uart.o
                0x08005254                UART_SetConfig
 .text.UART_AdvFeatureConfig
                0x08005528      0x168 ./Drivers/STM32G0xx_HAL_Driver/Src/stm32g0xx_hal_uart.o
                0x08005528                UART_AdvFeatureConfig
 .text.UART_CheckIdleState
                0x08005690      0x154 ./Drivers/STM32G0xx_HAL_Driver/Src/stm32g0xx_hal_uart.o
                0x08005690                UART_CheckIdleState
 .text.UART_WaitOnFlagUntilTimeout
                0x080057e4       0xde ./Drivers/STM32G0xx_HAL_Driver/Src/stm32g0xx_hal_uart.o
                0x080057e4                UART_WaitOnFlagUntilTimeout
 *fill*         0x080058c2        0x2 
 .text.UART_EndRxTransfer
                0x080058c4       0xcc ./Drivers/STM32G0xx_HAL_Driver/Src/stm32g0xx_hal_uart.o
 .text.HAL_UARTEx_DisableFifoMode
                0x08005990       0x74 ./Drivers/STM32G0xx_HAL_Driver/Src/stm32g0xx_hal_uart_ex.o
                0x08005990                HAL_UARTEx_DisableFifoMode
 .text.HAL_UARTEx_SetTxFifoThreshold
                0x08005a04       0x7e ./Drivers/STM32G0xx_HAL_Driver/Src/stm32g0xx_hal_uart_ex.o
                0x08005a04                HAL_UARTEx_SetTxFifoThreshold
 *fill*         0x08005a82        0x2 
 .text.HAL_UARTEx_SetRxFifoThreshold
                0x08005a84       0x84 ./Drivers/STM32G0xx_HAL_Driver/Src/stm32g0xx_hal_uart_ex.o
                0x08005a84                HAL_UARTEx_SetRxFifoThreshold
 .text.UARTEx_SetNbDataToProcess
                0x08005b08       0xbc ./Drivers/STM32G0xx_HAL_Driver/Src/stm32g0xx_hal_uart_ex.o
 .text.memset   0x08005bc4       0x10 C:/ST/STM32CubeIDE_1.16.0/STM32CubeIDE/plugins/com.st.stm32cube.ide.mcu.externaltools.gnu-tools-for-stm32.12.3.rel1.win32_1.0.200.202406191623/tools/bin/../lib/gcc/arm-none-eabi/12.3.1/../../../../arm-none-eabi/lib/thumb/v6-m/nofp\libc_nano.a(libc_a-memset.o)
                0x08005bc4                memset
 .text.__libc_init_array
                0x08005bd4       0x48 C:/ST/STM32CubeIDE_1.16.0/STM32CubeIDE/plugins/com.st.stm32cube.ide.mcu.externaltools.gnu-tools-for-stm32.12.3.rel1.win32_1.0.200.202406191623/tools/bin/../lib/gcc/arm-none-eabi/12.3.1/../../../../arm-none-eabi/lib/thumb/v6-m/nofp\libc_nano.a(libc_a-init.o)
                0x08005bd4                __libc_init_array
 .text.memcpy   0x08005c1c       0x12 C:/ST/STM32CubeIDE_1.16.0/STM32CubeIDE/plugins/com.st.stm32cube.ide.mcu.externaltools.gnu-tools-for-stm32.12.3.rel1.win32_1.0.200.202406191623/tools/bin/../lib/gcc/arm-none-eabi/12.3.1/../../../../arm-none-eabi/lib/thumb/v6-m/nofp\libc_nano.a(libc_a-memcpy-stub.o)
                0x08005c1c                memcpy
 *(.glue_7)
 .glue_7        0x08005c2e        0x0 linker stubs
 *(.glue_7t)
 .glue_7t       0x08005c2e        0x0 linker stubs
 *(.eh_frame)
 *fill*         0x08005c2e        0x2 
 .eh_frame      0x08005c30        0x0 C:/ST/STM32CubeIDE_1.16.0/STM32CubeIDE/plugins/com.st.stm32cube.ide.mcu.externaltools.gnu-tools-for-stm32.12.3.rel1.win32_1.0.200.202406191623/tools/bin/../lib/gcc/arm-none-eabi/12.3.1/thumb/v6-m/nofp/crtbegin.o
 *(.init)
 .init          0x08005c30        0x4 C:/ST/STM32CubeIDE_1.16.0/STM32CubeIDE/plugins/com.st.stm32cube.ide.mcu.externaltools.gnu-tools-for-stm32.12.3.rel1.win32_1.0.200.202406191623/tools/bin/../lib/gcc/arm-none-eabi/12.3.1/thumb/v6-m/nofp/crti.o
                0x08005c30                _init
 .init          0x08005c34        0x8 C:/ST/STM32CubeIDE_1.16.0/STM32CubeIDE/plugins/com.st.stm32cube.ide.mcu.externaltools.gnu-tools-for-stm32.12.3.rel1.win32_1.0.200.202406191623/tools/bin/../lib/gcc/arm-none-eabi/12.3.1/thumb/v6-m/nofp/crtn.o
 *(.fini)
 .fini          0x08005c3c        0x4 C:/ST/STM32CubeIDE_1.16.0/STM32CubeIDE/plugins/com.st.stm32cube.ide.mcu.externaltools.gnu-tools-for-stm32.12.3.rel1.win32_1.0.200.202406191623/tools/bin/../lib/gcc/arm-none-eabi/12.3.1/thumb/v6-m/nofp/crti.o
                0x08005c3c                _fini
 .fini          0x08005c40        0x8 C:/ST/STM32CubeIDE_1.16.0/STM32CubeIDE/plugins/com.st.stm32cube.ide.mcu.externaltools.gnu-tools-for-stm32.12.3.rel1.win32_1.0.200.202406191623/tools/bin/../lib/gcc/arm-none-eabi/12.3.1/thumb/v6-m/nofp/crtn.o
                0x08005c48                        . = ALIGN (0x4)
                0x08005c48                        _etext = .

.vfp11_veneer   0x08005c48        0x0
 .vfp11_veneer  0x08005c48        0x0 linker stubs

.v4_bx          0x08005c48        0x0
 .v4_bx         0x08005c48        0x0 linker stubs

.iplt           0x08005c48        0x0
 .iplt          0x08005c48        0x0 C:/ST/STM32CubeIDE_1.16.0/STM32CubeIDE/plugins/com.st.stm32cube.ide.mcu.externaltools.gnu-tools-for-stm32.12.3.rel1.win32_1.0.200.202406191623/tools/bin/../lib/gcc/arm-none-eabi/12.3.1/thumb/v6-m/nofp/crtbegin.o

.rodata         0x08005c48      0x118
                0x08005c48                        . = ALIGN (0x4)
 *(.rodata)
 .rodata        0x08005c48       0x50 ./Core/Src/LoRa.o
 .rodata        0x08005c98       0x40 C:/ST/STM32CubeIDE_1.16.0/STM32CubeIDE/plugins/com.st.stm32cube.ide.mcu.externaltools.gnu-tools-for-stm32.12.3.rel1.win32_1.0.200.202406191623/tools/bin/../lib/gcc/arm-none-eabi/12.3.1/thumb/v6-m/nofp\libgcc.a(divdf3.o)
 *(.rodata*)
 .rodata.AHBPrescTable
                0x08005cd8       0x40 ./Core/Src/system_stm32g0xx.o
                0x08005cd8                AHBPrescTable
 .rodata.APBPrescTable
                0x08005d18       0x20 ./Core/Src/system_stm32g0xx.o
                0x08005d18                APBPrescTable
 .rodata.UARTPrescTable
                0x08005d38       0x18 ./Drivers/STM32G0xx_HAL_Driver/Src/stm32g0xx_hal_uart.o
                0x08005d38                UARTPrescTable
 .rodata.numerator.1
                0x08005d50        0x8 ./Drivers/STM32G0xx_HAL_Driver/Src/stm32g0xx_hal_uart_ex.o
 .rodata.denominator.0
                0x08005d58        0x8 ./Drivers/STM32G0xx_HAL_Driver/Src/stm32g0xx_hal_uart_ex.o
                0x08005d60                        . = ALIGN (0x4)

.ARM.extab      0x08005d60        0x0
                0x08005d60                        . = ALIGN (0x4)
 *(.ARM.extab* .gnu.linkonce.armextab.*)
                0x08005d60                        . = ALIGN (0x4)

.ARM            0x08005d60        0x0
                0x08005d60                        . = ALIGN (0x4)
                0x08005d60                        __exidx_start = .
 *(.ARM.exidx*)
                0x08005d60                        __exidx_end = .
                0x08005d60                        . = ALIGN (0x4)

.preinit_array  0x08005d60        0x0
                0x08005d60                        . = ALIGN (0x4)
                0x08005d60                        PROVIDE (__preinit_array_start = .)
 *(.preinit_array*)
                0x08005d60                        PROVIDE (__preinit_array_end = .)
                0x08005d60                        . = ALIGN (0x4)

.init_array     0x08005d60        0x4
                0x08005d60                        . = ALIGN (0x4)
                0x08005d60                        PROVIDE (__init_array_start = .)
 *(SORT_BY_NAME(.init_array.*))
 *(.init_array*)
 .init_array    0x08005d60        0x4 C:/ST/STM32CubeIDE_1.16.0/STM32CubeIDE/plugins/com.st.stm32cube.ide.mcu.externaltools.gnu-tools-for-stm32.12.3.rel1.win32_1.0.200.202406191623/tools/bin/../lib/gcc/arm-none-eabi/12.3.1/thumb/v6-m/nofp/crtbegin.o
                0x08005d64                        PROVIDE (__init_array_end = .)
                0x08005d64                        . = ALIGN (0x4)

.fini_array     0x08005d64        0x4
                0x08005d64                        . = ALIGN (0x4)
                [!provide]                        PROVIDE (__fini_array_start = .)
 *(SORT_BY_NAME(.fini_array.*))
 *(.fini_array*)
 .fini_array    0x08005d64        0x4 C:/ST/STM32CubeIDE_1.16.0/STM32CubeIDE/plugins/com.st.stm32cube.ide.mcu.externaltools.gnu-tools-for-stm32.12.3.rel1.win32_1.0.200.202406191623/tools/bin/../lib/gcc/arm-none-eabi/12.3.1/thumb/v6-m/nofp/crtbegin.o
                [!provide]                        PROVIDE (__fini_array_end = .)
                0x08005d68                        . = ALIGN (0x4)
                0x08005d68                        _sidata = LOADADDR (.data)

.rel.dyn        0x08005d68        0x0
 .rel.iplt      0x08005d68        0x0 C:/ST/STM32CubeIDE_1.16.0/STM32CubeIDE/plugins/com.st.stm32cube.ide.mcu.externaltools.gnu-tools-for-stm32.12.3.rel1.win32_1.0.200.202406191623/tools/bin/../lib/gcc/arm-none-eabi/12.3.1/thumb/v6-m/nofp/crtbegin.o

.data           0x20000000        0xc load address 0x08005d68
                0x20000000                        . = ALIGN (0x4)
                0x20000000                        _sdata = .
 *(.data)
 *(.data*)
 .data.SystemCoreClock
                0x20000000        0x4 ./Core/Src/system_stm32g0xx.o
                0x20000000                SystemCoreClock
 .data.uwTickPrio
                0x20000004        0x4 ./Drivers/STM32G0xx_HAL_Driver/Src/stm32g0xx_hal.o
                0x20000004                uwTickPrio
 .data.uwTickFreq
                0x20000008        0x1 ./Drivers/STM32G0xx_HAL_Driver/Src/stm32g0xx_hal.o
                0x20000008                uwTickFreq
 *(.RamFunc)
 *(.RamFunc*)
                0x2000000c                        . = ALIGN (0x4)
 *fill*         0x20000009        0x3 
                0x2000000c                        _edata = .

.igot.plt       0x2000000c        0x0 load address 0x08005d74
 .igot.plt      0x2000000c        0x0 C:/ST/STM32CubeIDE_1.16.0/STM32CubeIDE/plugins/com.st.stm32cube.ide.mcu.externaltools.gnu-tools-for-stm32.12.3.rel1.win32_1.0.200.202406191623/tools/bin/../lib/gcc/arm-none-eabi/12.3.1/thumb/v6-m/nofp/crtbegin.o
                0x2000000c                        . = ALIGN (0x4)

.bss            0x2000000c      0x230 load address 0x08005d74
                0x2000000c                        _sbss = .
                0x2000000c                        __bss_start__ = _sbss
 *(.bss)
 .bss           0x2000000c       0x1c C:/ST/STM32CubeIDE_1.16.0/STM32CubeIDE/plugins/com.st.stm32cube.ide.mcu.externaltools.gnu-tools-for-stm32.12.3.rel1.win32_1.0.200.202406191623/tools/bin/../lib/gcc/arm-none-eabi/12.3.1/thumb/v6-m/nofp/crtbegin.o
 *(.bss*)
 .bss.hadc1     0x20000028       0x64 ./Core/Src/adc.o
                0x20000028                hadc1
 .bss.hdma_adc1
                0x2000008c       0x5c ./Core/Src/adc.o
                0x2000008c                hdma_adc1
 .bss.myLoRa    0x200000e8       0x2c ./Core/Src/main.o
                0x200000e8                myLoRa
 .bss.hrtc      0x20000114       0x2c ./Core/Src/rtc.o
                0x20000114                hrtc
 .bss.hspi1     0x20000140       0x64 ./Core/Src/spi.o
                0x20000140                hspi1
 .bss.huart1    0x200001a4       0x94 ./Core/Src/usart.o
                0x200001a4                huart1
 .bss.uwTick    0x20000238        0x4 ./Drivers/STM32G0xx_HAL_Driver/Src/stm32g0xx_hal.o
                0x20000238                uwTick
 *(COMMON)
                0x2000023c                        . = ALIGN (0x4)
                0x2000023c                        _ebss = .
                0x2000023c                        __bss_end__ = _ebss

._user_heap_stack
                0x2000023c      0x604 load address 0x08005d74
                0x20000240                        . = ALIGN (0x8)
 *fill*         0x2000023c        0x4 
                [!provide]                        PROVIDE (end = .)
                0x20000240                        PROVIDE (_end = .)
                0x20000440                        . = (. + _Min_Heap_Size)
 *fill*         0x20000240      0x200 
                0x20000840                        . = (. + _Min_Stack_Size)
 *fill*         0x20000440      0x400 
                0x20000840                        . = ALIGN (0x8)

/DISCARD/
 libc.a(*)
 libm.a(*)
 libgcc.a(*)

.ARM.attributes
                0x00000000       0x28
 *(.ARM.attributes)
 .ARM.attributes
                0x00000000       0x1e C:/ST/STM32CubeIDE_1.16.0/STM32CubeIDE/plugins/com.st.stm32cube.ide.mcu.externaltools.gnu-tools-for-stm32.12.3.rel1.win32_1.0.200.202406191623/tools/bin/../lib/gcc/arm-none-eabi/12.3.1/thumb/v6-m/nofp/crti.o
 .ARM.attributes
                0x0000001e       0x2c C:/ST/STM32CubeIDE_1.16.0/STM32CubeIDE/plugins/com.st.stm32cube.ide.mcu.externaltools.gnu-tools-for-stm32.12.3.rel1.win32_1.0.200.202406191623/tools/bin/../lib/gcc/arm-none-eabi/12.3.1/thumb/v6-m/nofp/crtbegin.o
 .ARM.attributes
                0x0000004a       0x2c ./Core/Src/LoRa.o
 .ARM.attributes
                0x00000076       0x2c ./Core/Src/adc.o
 .ARM.attributes
                0x000000a2       0x2c ./Core/Src/dma.o
 .ARM.attributes
                0x000000ce       0x2c ./Core/Src/gpio.o
 .ARM.attributes
                0x000000fa       0x2c ./Core/Src/main.o
 .ARM.attributes
                0x00000126       0x2c ./Core/Src/rtc.o
 .ARM.attributes
                0x00000152       0x2c ./Core/Src/spi.o
 .ARM.attributes
                0x0000017e       0x2c ./Core/Src/stm32g0xx_hal_msp.o
 .ARM.attributes
                0x000001aa       0x2c ./Core/Src/stm32g0xx_it.o
 .ARM.attributes
                0x000001d6       0x2c ./Core/Src/system_stm32g0xx.o
 .ARM.attributes
                0x00000202       0x2c ./Core/Src/usart.o
 .ARM.attributes
                0x0000022e       0x22 ./Core/Startup/startup_stm32g030f6px.o
 .ARM.attributes
                0x00000250       0x2c ./Drivers/STM32G0xx_HAL_Driver/Src/stm32g0xx_hal.o
 .ARM.attributes
                0x0000027c       0x2c ./Drivers/STM32G0xx_HAL_Driver/Src/stm32g0xx_hal_adc.o
 .ARM.attributes
                0x000002a8       0x2c ./Drivers/STM32G0xx_HAL_Driver/Src/stm32g0xx_hal_cortex.o
 .ARM.attributes
                0x000002d4       0x2c ./Drivers/STM32G0xx_HAL_Driver/Src/stm32g0xx_hal_dma.o
 .ARM.attributes
                0x00000300       0x2c ./Drivers/STM32G0xx_HAL_Driver/Src/stm32g0xx_hal_gpio.o
 .ARM.attributes
                0x0000032c       0x2c ./Drivers/STM32G0xx_HAL_Driver/Src/stm32g0xx_hal_pwr.o
 .ARM.attributes
                0x00000358       0x2c ./Drivers/STM32G0xx_HAL_Driver/Src/stm32g0xx_hal_pwr_ex.o
 .ARM.attributes
                0x00000384       0x2c ./Drivers/STM32G0xx_HAL_Driver/Src/stm32g0xx_hal_rcc.o
 .ARM.attributes
                0x000003b0       0x2c ./Drivers/STM32G0xx_HAL_Driver/Src/stm32g0xx_hal_rcc_ex.o
 .ARM.attributes
                0x000003dc       0x2c ./Drivers/STM32G0xx_HAL_Driver/Src/stm32g0xx_hal_rtc.o
 .ARM.attributes
                0x00000408       0x2c ./Drivers/STM32G0xx_HAL_Driver/Src/stm32g0xx_hal_rtc_ex.o
 .ARM.attributes
                0x00000434       0x2c ./Drivers/STM32G0xx_HAL_Driver/Src/stm32g0xx_hal_spi.o
 .ARM.attributes
                0x00000460       0x2c ./Drivers/STM32G0xx_HAL_Driver/Src/stm32g0xx_hal_uart.o
 .ARM.attributes
                0x0000048c       0x2c ./Drivers/STM32G0xx_HAL_Driver/Src/stm32g0xx_hal_uart_ex.o
 .ARM.attributes
                0x000004b8       0x2c C:/ST/STM32CubeIDE_1.16.0/STM32CubeIDE/plugins/com.st.stm32cube.ide.mcu.externaltools.gnu-tools-for-stm32.12.3.rel1.win32_1.0.200.202406191623/tools/bin/../lib/gcc/arm-none-eabi/12.3.1/../../../../arm-none-eabi/lib/thumb/v6-m/nofp\libc_nano.a(libc_a-memset.o)
 .ARM.attributes
                0x000004e4       0x2c C:/ST/STM32CubeIDE_1.16.0/STM32CubeIDE/plugins/com.st.stm32cube.ide.mcu.externaltools.gnu-tools-for-stm32.12.3.rel1.win32_1.0.200.202406191623/tools/bin/../lib/gcc/arm-none-eabi/12.3.1/../../../../arm-none-eabi/lib/thumb/v6-m/nofp\libc_nano.a(libc_a-init.o)
 .ARM.attributes
                0x00000510       0x2c C:/ST/STM32CubeIDE_1.16.0/STM32CubeIDE/plugins/com.st.stm32cube.ide.mcu.externaltools.gnu-tools-for-stm32.12.3.rel1.win32_1.0.200.202406191623/tools/bin/../lib/gcc/arm-none-eabi/12.3.1/../../../../arm-none-eabi/lib/thumb/v6-m/nofp\libc_nano.a(libc_a-memcpy-stub.o)
 .ARM.attributes
                0x0000053c       0x1e C:/ST/STM32CubeIDE_1.16.0/STM32CubeIDE/plugins/com.st.stm32cube.ide.mcu.externaltools.gnu-tools-for-stm32.12.3.rel1.win32_1.0.200.202406191623/tools/bin/../lib/gcc/arm-none-eabi/12.3.1/thumb/v6-m/nofp\libgcc.a(_udivsi3.o)
 .ARM.attributes
                0x0000055a       0x1e C:/ST/STM32CubeIDE_1.16.0/STM32CubeIDE/plugins/com.st.stm32cube.ide.mcu.externaltools.gnu-tools-for-stm32.12.3.rel1.win32_1.0.200.202406191623/tools/bin/../lib/gcc/arm-none-eabi/12.3.1/thumb/v6-m/nofp\libgcc.a(_divsi3.o)
 .ARM.attributes
                0x00000578       0x1e C:/ST/STM32CubeIDE_1.16.0/STM32CubeIDE/plugins/com.st.stm32cube.ide.mcu.externaltools.gnu-tools-for-stm32.12.3.rel1.win32_1.0.200.202406191623/tools/bin/../lib/gcc/arm-none-eabi/12.3.1/thumb/v6-m/nofp\libgcc.a(_dvmd_tls.o)
 .ARM.attributes
                0x00000596       0x2c C:/ST/STM32CubeIDE_1.16.0/STM32CubeIDE/plugins/com.st.stm32cube.ide.mcu.externaltools.gnu-tools-for-stm32.12.3.rel1.win32_1.0.200.202406191623/tools/bin/../lib/gcc/arm-none-eabi/12.3.1/thumb/v6-m/nofp\libgcc.a(divdf3.o)
 .ARM.attributes
                0x000005c2       0x2c C:/ST/STM32CubeIDE_1.16.0/STM32CubeIDE/plugins/com.st.stm32cube.ide.mcu.externaltools.gnu-tools-for-stm32.12.3.rel1.win32_1.0.200.202406191623/tools/bin/../lib/gcc/arm-none-eabi/12.3.1/thumb/v6-m/nofp\libgcc.a(fixdfsi.o)
 .ARM.attributes
                0x000005ee       0x2c C:/ST/STM32CubeIDE_1.16.0/STM32CubeIDE/plugins/com.st.stm32cube.ide.mcu.externaltools.gnu-tools-for-stm32.12.3.rel1.win32_1.0.200.202406191623/tools/bin/../lib/gcc/arm-none-eabi/12.3.1/thumb/v6-m/nofp\libgcc.a(floatsidf.o)
 .ARM.attributes
                0x0000061a       0x1e C:/ST/STM32CubeIDE_1.16.0/STM32CubeIDE/plugins/com.st.stm32cube.ide.mcu.externaltools.gnu-tools-for-stm32.12.3.rel1.win32_1.0.200.202406191623/tools/bin/../lib/gcc/arm-none-eabi/12.3.1/thumb/v6-m/nofp\libgcc.a(_clzsi2.o)
 .ARM.attributes
                0x00000638       0x1e C:/ST/STM32CubeIDE_1.16.0/STM32CubeIDE/plugins/com.st.stm32cube.ide.mcu.externaltools.gnu-tools-for-stm32.12.3.rel1.win32_1.0.200.202406191623/tools/bin/../lib/gcc/arm-none-eabi/12.3.1/thumb/v6-m/nofp/crtn.o
OUTPUT(levelTx.elf elf32-littlearm)
LOAD linker stubs
LOAD C:/ST/STM32CubeIDE_1.16.0/STM32CubeIDE/plugins/com.st.stm32cube.ide.mcu.externaltools.gnu-tools-for-stm32.12.3.rel1.win32_1.0.200.202406191623/tools/bin/../lib/gcc/arm-none-eabi/12.3.1/../../../../arm-none-eabi/lib/thumb/v6-m/nofp\libc.a
LOAD C:/ST/STM32CubeIDE_1.16.0/STM32CubeIDE/plugins/com.st.stm32cube.ide.mcu.externaltools.gnu-tools-for-stm32.12.3.rel1.win32_1.0.200.202406191623/tools/bin/../lib/gcc/arm-none-eabi/12.3.1/../../../../arm-none-eabi/lib/thumb/v6-m/nofp\libm.a
LOAD C:/ST/STM32CubeIDE_1.16.0/STM32CubeIDE/plugins/com.st.stm32cube.ide.mcu.externaltools.gnu-tools-for-stm32.12.3.rel1.win32_1.0.200.202406191623/tools/bin/../lib/gcc/arm-none-eabi/12.3.1/thumb/v6-m/nofp\libgcc.a

.debug_info     0x00000000    0x1393f
 .debug_info    0x00000000      0xf58 ./Core/Src/LoRa.o
 .debug_info    0x00000f58      0xb6f ./Core/Src/adc.o
 .debug_info    0x00001ac7      0x335 ./Core/Src/dma.o
 .debug_info    0x00001dfc      0x3f7 ./Core/Src/gpio.o
 .debug_info    0x000021f3      0xf23 ./Core/Src/main.o
 .debug_info    0x00003116      0x713 ./Core/Src/rtc.o
 .debug_info    0x00003829      0x9ea ./Core/Src/spi.o
 .debug_info    0x00004213      0x265 ./Core/Src/stm32g0xx_hal_msp.o
 .debug_info    0x00004478      0x6cc ./Core/Src/stm32g0xx_it.o
 .debug_info    0x00004b44      0x316 ./Core/Src/system_stm32g0xx.o
 .debug_info    0x00004e5a      0xbd5 ./Core/Src/usart.o
 .debug_info    0x00005a2f       0x30 ./Core/Startup/startup_stm32g030f6px.o
 .debug_info    0x00005a5f      0x8f0 ./Drivers/STM32G0xx_HAL_Driver/Src/stm32g0xx_hal.o
 .debug_info    0x0000634f     0x155e ./Drivers/STM32G0xx_HAL_Driver/Src/stm32g0xx_hal_adc.o
 .debug_info    0x000078ad      0x8a9 ./Drivers/STM32G0xx_HAL_Driver/Src/stm32g0xx_hal_cortex.o
 .debug_info    0x00008156      0x86b ./Drivers/STM32G0xx_HAL_Driver/Src/stm32g0xx_hal_dma.o
 .debug_info    0x000089c1      0x59d ./Drivers/STM32G0xx_HAL_Driver/Src/stm32g0xx_hal_gpio.o
 .debug_info    0x00008f5e      0x5aa ./Drivers/STM32G0xx_HAL_Driver/Src/stm32g0xx_hal_pwr.o
 .debug_info    0x00009508      0x496 ./Drivers/STM32G0xx_HAL_Driver/Src/stm32g0xx_hal_pwr_ex.o
 .debug_info    0x0000999e      0xad0 ./Drivers/STM32G0xx_HAL_Driver/Src/stm32g0xx_hal_rcc.o
 .debug_info    0x0000a46e      0x72b ./Drivers/STM32G0xx_HAL_Driver/Src/stm32g0xx_hal_rcc_ex.o
 .debug_info    0x0000ab99      0xc7c ./Drivers/STM32G0xx_HAL_Driver/Src/stm32g0xx_hal_rtc.o
 .debug_info    0x0000b815     0x1239 ./Drivers/STM32G0xx_HAL_Driver/Src/stm32g0xx_hal_rtc_ex.o
 .debug_info    0x0000ca4e     0x1720 ./Drivers/STM32G0xx_HAL_Driver/Src/stm32g0xx_hal_spi.o
 .debug_info    0x0000e16e     0x483c ./Drivers/STM32G0xx_HAL_Driver/Src/stm32g0xx_hal_uart.o
 .debug_info    0x000129aa      0xf95 ./Drivers/STM32G0xx_HAL_Driver/Src/stm32g0xx_hal_uart_ex.o

.debug_abbrev   0x00000000     0x3375
 .debug_abbrev  0x00000000      0x274 ./Core/Src/LoRa.o
 .debug_abbrev  0x00000274      0x205 ./Core/Src/adc.o
 .debug_abbrev  0x00000479      0x115 ./Core/Src/dma.o
 .debug_abbrev  0x0000058e      0x158 ./Core/Src/gpio.o
 .debug_abbrev  0x000006e6      0x29f ./Core/Src/main.o
 .debug_abbrev  0x00000985      0x1c2 ./Core/Src/rtc.o
 .debug_abbrev  0x00000b47      0x1f7 ./Core/Src/spi.o
 .debug_abbrev  0x00000d3e       0xdd ./Core/Src/stm32g0xx_hal_msp.o
 .debug_abbrev  0x00000e1b      0x1a7 ./Core/Src/stm32g0xx_it.o
 .debug_abbrev  0x00000fc2      0x119 ./Core/Src/system_stm32g0xx.o
 .debug_abbrev  0x000010db      0x20e ./Core/Src/usart.o
 .debug_abbrev  0x000012e9       0x24 ./Core/Startup/startup_stm32g030f6px.o
 .debug_abbrev  0x0000130d      0x2b4 ./Drivers/STM32G0xx_HAL_Driver/Src/stm32g0xx_hal.o
 .debug_abbrev  0x000015c1      0x267 ./Drivers/STM32G0xx_HAL_Driver/Src/stm32g0xx_hal_adc.o
 .debug_abbrev  0x00001828      0x2ab ./Drivers/STM32G0xx_HAL_Driver/Src/stm32g0xx_hal_cortex.o
 .debug_abbrev  0x00001ad3      0x1e1 ./Drivers/STM32G0xx_HAL_Driver/Src/stm32g0xx_hal_dma.o
 .debug_abbrev  0x00001cb4      0x1c3 ./Drivers/STM32G0xx_HAL_Driver/Src/stm32g0xx_hal_gpio.o
 .debug_abbrev  0x00001e77      0x172 ./Drivers/STM32G0xx_HAL_Driver/Src/stm32g0xx_hal_pwr.o
 .debug_abbrev  0x00001fe9      0x1d7 ./Drivers/STM32G0xx_HAL_Driver/Src/stm32g0xx_hal_pwr_ex.o
 .debug_abbrev  0x000021c0      0x2a9 ./Drivers/STM32G0xx_HAL_Driver/Src/stm32g0xx_hal_rcc.o
 .debug_abbrev  0x00002469      0x229 ./Drivers/STM32G0xx_HAL_Driver/Src/stm32g0xx_hal_rcc_ex.o
 .debug_abbrev  0x00002692      0x200 ./Drivers/STM32G0xx_HAL_Driver/Src/stm32g0xx_hal_rtc.o
 .debug_abbrev  0x00002892      0x249 ./Drivers/STM32G0xx_HAL_Driver/Src/stm32g0xx_hal_rtc_ex.o
 .debug_abbrev  0x00002adb      0x28f ./Drivers/STM32G0xx_HAL_Driver/Src/stm32g0xx_hal_spi.o
 .debug_abbrev  0x00002d6a      0x326 ./Drivers/STM32G0xx_HAL_Driver/Src/stm32g0xx_hal_uart.o
 .debug_abbrev  0x00003090      0x2e5 ./Drivers/STM32G0xx_HAL_Driver/Src/stm32g0xx_hal_uart_ex.o

.debug_aranges  0x00000000     0x10a0
 .debug_aranges
                0x00000000       0xc8 ./Core/Src/LoRa.o
 .debug_aranges
                0x000000c8       0x30 ./Core/Src/adc.o
 .debug_aranges
                0x000000f8       0x20 ./Core/Src/dma.o
 .debug_aranges
                0x00000118       0x20 ./Core/Src/gpio.o
 .debug_aranges
                0x00000138       0x40 ./Core/Src/main.o
 .debug_aranges
                0x00000178       0x30 ./Core/Src/rtc.o
 .debug_aranges
                0x000001a8       0x30 ./Core/Src/spi.o
 .debug_aranges
                0x000001d8       0x20 ./Core/Src/stm32g0xx_hal_msp.o
 .debug_aranges
                0x000001f8       0x50 ./Core/Src/stm32g0xx_it.o
 .debug_aranges
                0x00000248       0x28 ./Core/Src/system_stm32g0xx.o
 .debug_aranges
                0x00000270       0x30 ./Core/Src/usart.o
 .debug_aranges
                0x000002a0       0x28 ./Core/Startup/startup_stm32g030f6px.o
 .debug_aranges
                0x000002c8      0x100 ./Drivers/STM32G0xx_HAL_Driver/Src/stm32g0xx_hal.o
 .debug_aranges
                0x000003c8      0x1f0 ./Drivers/STM32G0xx_HAL_Driver/Src/stm32g0xx_hal_adc.o
 .debug_aranges
                0x000005b8       0xe8 ./Drivers/STM32G0xx_HAL_Driver/Src/stm32g0xx_hal_cortex.o
 .debug_aranges
                0x000006a0       0x90 ./Drivers/STM32G0xx_HAL_Driver/Src/stm32g0xx_hal_dma.o
 .debug_aranges
                0x00000730       0x60 ./Drivers/STM32G0xx_HAL_Driver/Src/stm32g0xx_hal_gpio.o
 .debug_aranges
                0x00000790       0x78 ./Drivers/STM32G0xx_HAL_Driver/Src/stm32g0xx_hal_pwr.o
 .debug_aranges
                0x00000808       0x98 ./Drivers/STM32G0xx_HAL_Driver/Src/stm32g0xx_hal_pwr_ex.o
 .debug_aranges
                0x000008a0       0xa0 ./Drivers/STM32G0xx_HAL_Driver/Src/stm32g0xx_hal_rcc.o
 .debug_aranges
                0x00000940       0x40 ./Drivers/STM32G0xx_HAL_Driver/Src/stm32g0xx_hal_rcc_ex.o
 .debug_aranges
                0x00000980       0xe8 ./Drivers/STM32G0xx_HAL_Driver/Src/stm32g0xx_hal_rtc.o
 .debug_aranges
                0x00000a68      0x170 ./Drivers/STM32G0xx_HAL_Driver/Src/stm32g0xx_hal_rtc_ex.o
 .debug_aranges
                0x00000bd8      0x1d8 ./Drivers/STM32G0xx_HAL_Driver/Src/stm32g0xx_hal_spi.o
 .debug_aranges
                0x00000db0      0x248 ./Drivers/STM32G0xx_HAL_Driver/Src/stm32g0xx_hal_uart.o
 .debug_aranges
                0x00000ff8       0xa8 ./Drivers/STM32G0xx_HAL_Driver/Src/stm32g0xx_hal_uart_ex.o

.debug_rnglists
                0x00000000      0xcc2
 .debug_rnglists
                0x00000000       0x99 ./Core/Src/LoRa.o
 .debug_rnglists
                0x00000099       0x21 ./Core/Src/adc.o
 .debug_rnglists
                0x000000ba       0x13 ./Core/Src/dma.o
 .debug_rnglists
                0x000000cd       0x14 ./Core/Src/gpio.o
 .debug_rnglists
                0x000000e1       0x2e ./Core/Src/main.o
 .debug_rnglists
                0x0000010f       0x20 ./Core/Src/rtc.o
 .debug_rnglists
                0x0000012f       0x20 ./Core/Src/spi.o
 .debug_rnglists
                0x0000014f       0x13 ./Core/Src/stm32g0xx_hal_msp.o
 .debug_rnglists
                0x00000162       0x37 ./Core/Src/stm32g0xx_it.o
 .debug_rnglists
                0x00000199       0x1a ./Core/Src/system_stm32g0xx.o
 .debug_rnglists
                0x000001b3       0x21 ./Core/Src/usart.o
 .debug_rnglists
                0x000001d4       0x19 ./Core/Startup/startup_stm32g030f6px.o
 .debug_rnglists
                0x000001ed       0xbc ./Drivers/STM32G0xx_HAL_Driver/Src/stm32g0xx_hal.o
 .debug_rnglists
                0x000002a9      0x17f ./Drivers/STM32G0xx_HAL_Driver/Src/stm32g0xx_hal_adc.o
 .debug_rnglists
                0x00000428       0xaa ./Drivers/STM32G0xx_HAL_Driver/Src/stm32g0xx_hal_cortex.o
 .debug_rnglists
                0x000004d2       0x72 ./Drivers/STM32G0xx_HAL_Driver/Src/stm32g0xx_hal_dma.o
 .debug_rnglists
                0x00000544       0x45 ./Drivers/STM32G0xx_HAL_Driver/Src/stm32g0xx_hal_gpio.o
 .debug_rnglists
                0x00000589       0x55 ./Drivers/STM32G0xx_HAL_Driver/Src/stm32g0xx_hal_pwr.o
 .debug_rnglists
                0x000005de       0x72 ./Drivers/STM32G0xx_HAL_Driver/Src/stm32g0xx_hal_pwr_ex.o
 .debug_rnglists
                0x00000650       0x79 ./Drivers/STM32G0xx_HAL_Driver/Src/stm32g0xx_hal_rcc.o
 .debug_rnglists
                0x000006c9       0x2f ./Drivers/STM32G0xx_HAL_Driver/Src/stm32g0xx_hal_rcc_ex.o
 .debug_rnglists
                0x000006f8       0xb5 ./Drivers/STM32G0xx_HAL_Driver/Src/stm32g0xx_hal_rtc.o
 .debug_rnglists
                0x000007ad      0x120 ./Drivers/STM32G0xx_HAL_Driver/Src/stm32g0xx_hal_rtc_ex.o
 .debug_rnglists
                0x000008cd      0x17a ./Drivers/STM32G0xx_HAL_Driver/Src/stm32g0xx_hal_spi.o
 .debug_rnglists
                0x00000a47      0x1fb ./Drivers/STM32G0xx_HAL_Driver/Src/stm32g0xx_hal_uart.o
 .debug_rnglists
                0x00000c42       0x80 ./Drivers/STM32G0xx_HAL_Driver/Src/stm32g0xx_hal_uart_ex.o

.debug_macro    0x00000000    0x1778b
 .debug_macro   0x00000000      0x239 ./Core/Src/LoRa.o
 .debug_macro   0x00000239      0xa8a ./Core/Src/LoRa.o
 .debug_macro   0x00000cc3      0x129 ./Core/Src/LoRa.o
 .debug_macro   0x00000dec       0x2e ./Core/Src/LoRa.o
 .debug_macro   0x00000e1a       0x28 ./Core/Src/LoRa.o
 .debug_macro   0x00000e42       0x22 ./Core/Src/LoRa.o
 .debug_macro   0x00000e64       0x8e ./Core/Src/LoRa.o
 .debug_macro   0x00000ef2       0x51 ./Core/Src/LoRa.o
 .debug_macro   0x00000f43      0x103 ./Core/Src/LoRa.o
 .debug_macro   0x00001046       0x6a ./Core/Src/LoRa.o
 .debug_macro   0x000010b0      0x1df ./Core/Src/LoRa.o
 .debug_macro   0x0000128f       0x1c ./Core/Src/LoRa.o
 .debug_macro   0x000012ab       0x22 ./Core/Src/LoRa.o
 .debug_macro   0x000012cd       0xd1 ./Core/Src/LoRa.o
 .debug_macro   0x0000139e      0x4da ./Core/Src/LoRa.o
 .debug_macro   0x00001878      0x11f ./Core/Src/LoRa.o
 .debug_macro   0x00001997     0xa0e8 ./Core/Src/LoRa.o
 .debug_macro   0x0000ba7f       0x66 ./Core/Src/LoRa.o
 .debug_macro   0x0000bae5     0x350e ./Core/Src/LoRa.o
 .debug_macro   0x0000eff3      0x189 ./Core/Src/LoRa.o
 .debug_macro   0x0000f17c       0x5c ./Core/Src/LoRa.o
 .debug_macro   0x0000f1d8      0x462 ./Core/Src/LoRa.o
 .debug_macro   0x0000f63a      0xe1a ./Core/Src/LoRa.o
 .debug_macro   0x00010454      0x106 ./Core/Src/LoRa.o
 .debug_macro   0x0001055a      0x1cf ./Core/Src/LoRa.o
 .debug_macro   0x00010729       0xff ./Core/Src/LoRa.o
 .debug_macro   0x00010828      0x33c ./Core/Src/LoRa.o
 .debug_macro   0x00010b64      0x202 ./Core/Src/LoRa.o
 .debug_macro   0x00010d66      0x2c7 ./Core/Src/LoRa.o
 .debug_macro   0x0001102d      0x198 ./Core/Src/LoRa.o
 .debug_macro   0x000111c5       0x43 ./Core/Src/LoRa.o
 .debug_macro   0x00011208      0x1f1 ./Core/Src/LoRa.o
 .debug_macro   0x000113f9      0x8a1 ./Core/Src/LoRa.o
 .debug_macro   0x00011c9a      0x5ad ./Core/Src/LoRa.o
 .debug_macro   0x00012247       0x2e ./Core/Src/LoRa.o
 .debug_macro   0x00012275      0x1d6 ./Core/Src/LoRa.o
 .debug_macro   0x0001244b      0x2a3 ./Core/Src/LoRa.o
 .debug_macro   0x000126ee       0x28 ./Core/Src/LoRa.o
 .debug_macro   0x00012716       0xcf ./Core/Src/LoRa.o
 .debug_macro   0x000127e5       0xff ./Core/Src/LoRa.o
 .debug_macro   0x000128e4      0x10d ./Core/Src/LoRa.o
 .debug_macro   0x000129f1      0x328 ./Core/Src/LoRa.o
 .debug_macro   0x00012d19      0x432 ./Core/Src/LoRa.o
 .debug_macro   0x0001314b       0xf2 ./Core/Src/LoRa.o
 .debug_macro   0x0001323d      0x2fe ./Core/Src/LoRa.o
 .debug_macro   0x0001353b      0x693 ./Core/Src/LoRa.o
 .debug_macro   0x00013bce       0xa6 ./Core/Src/LoRa.o
 .debug_macro   0x00013c74      0x412 ./Core/Src/LoRa.o
 .debug_macro   0x00014086       0x70 ./Core/Src/LoRa.o
 .debug_macro   0x000140f6      0x172 ./Core/Src/LoRa.o
 .debug_macro   0x00014268      0x23a ./Core/Src/adc.o
 .debug_macro   0x000144a2      0x23a ./Core/Src/dma.o
 .debug_macro   0x000146dc      0x23a ./Core/Src/gpio.o
 .debug_macro   0x00014916      0x279 ./Core/Src/main.o
 .debug_macro   0x00014b8f      0x23a ./Core/Src/rtc.o
 .debug_macro   0x00014dc9      0x23a ./Core/Src/spi.o
 .debug_macro   0x00015003      0x230 ./Core/Src/stm32g0xx_hal_msp.o
 .debug_macro   0x00015233      0x23a ./Core/Src/stm32g0xx_it.o
 .debug_macro   0x0001546d      0x221 ./Core/Src/system_stm32g0xx.o
 .debug_macro   0x0001568e      0x23a ./Core/Src/usart.o
 .debug_macro   0x000158c8      0x23f ./Drivers/STM32G0xx_HAL_Driver/Src/stm32g0xx_hal.o
 .debug_macro   0x00015b07      0x245 ./Drivers/STM32G0xx_HAL_Driver/Src/stm32g0xx_hal_adc.o
 .debug_macro   0x00015d4c      0x221 ./Drivers/STM32G0xx_HAL_Driver/Src/stm32g0xx_hal_cortex.o
 .debug_macro   0x00015f6d      0x221 ./Drivers/STM32G0xx_HAL_Driver/Src/stm32g0xx_hal_dma.o
 .debug_macro   0x0001618e      0x228 ./Drivers/STM32G0xx_HAL_Driver/Src/stm32g0xx_hal_gpio.o
 .debug_macro   0x000163b6      0x221 ./Drivers/STM32G0xx_HAL_Driver/Src/stm32g0xx_hal_pwr.o
 .debug_macro   0x000165d7      0x233 ./Drivers/STM32G0xx_HAL_Driver/Src/stm32g0xx_hal_pwr_ex.o
 .debug_macro   0x0001680a      0x263 ./Drivers/STM32G0xx_HAL_Driver/Src/stm32g0xx_hal_rcc.o
 .debug_macro   0x00016a6d      0x239 ./Drivers/STM32G0xx_HAL_Driver/Src/stm32g0xx_hal_rcc_ex.o
 .debug_macro   0x00016ca6      0x222 ./Drivers/STM32G0xx_HAL_Driver/Src/stm32g0xx_hal_rtc.o
 .debug_macro   0x00016ec8      0x221 ./Drivers/STM32G0xx_HAL_Driver/Src/stm32g0xx_hal_rtc_ex.o
 .debug_macro   0x000170e9      0x229 ./Drivers/STM32G0xx_HAL_Driver/Src/stm32g0xx_hal_spi.o
 .debug_macro   0x00017312      0x24c ./Drivers/STM32G0xx_HAL_Driver/Src/stm32g0xx_hal_uart.o
 .debug_macro   0x0001755e      0x22d ./Drivers/STM32G0xx_HAL_Driver/Src/stm32g0xx_hal_uart_ex.o

.debug_line     0x00000000    0x169f9
 .debug_line    0x00000000      0xc86 ./Core/Src/LoRa.o
 .debug_line    0x00000c86      0x8bd ./Core/Src/adc.o
 .debug_line    0x00001543      0x805 ./Core/Src/dma.o
 .debug_line    0x00001d48      0x83f ./Core/Src/gpio.o
 .debug_line    0x00002587      0x9b8 ./Core/Src/main.o
 .debug_line    0x00002f3f      0x880 ./Core/Src/rtc.o
 .debug_line    0x000037bf      0x882 ./Core/Src/spi.o
 .debug_line    0x00004041      0x80a ./Core/Src/stm32g0xx_hal_msp.o
 .debug_line    0x0000484b      0x89e ./Core/Src/stm32g0xx_it.o
 .debug_line    0x000050e9      0x87c ./Core/Src/system_stm32g0xx.o
 .debug_line    0x00005965      0x8a8 ./Core/Src/usart.o
 .debug_line    0x0000620d       0x7b ./Core/Startup/startup_stm32g030f6px.o
 .debug_line    0x00006288      0xb37 ./Drivers/STM32G0xx_HAL_Driver/Src/stm32g0xx_hal.o
 .debug_line    0x00006dbf     0x19eb ./Drivers/STM32G0xx_HAL_Driver/Src/stm32g0xx_hal_adc.o
 .debug_line    0x000087aa      0xc57 ./Drivers/STM32G0xx_HAL_Driver/Src/stm32g0xx_hal_cortex.o
 .debug_line    0x00009401      0xe59 ./Drivers/STM32G0xx_HAL_Driver/Src/stm32g0xx_hal_dma.o
 .debug_line    0x0000a25a      0xc3b ./Drivers/STM32G0xx_HAL_Driver/Src/stm32g0xx_hal_gpio.o
 .debug_line    0x0000ae95      0x964 ./Drivers/STM32G0xx_HAL_Driver/Src/stm32g0xx_hal_pwr.o
 .debug_line    0x0000b7f9      0xa4d ./Drivers/STM32G0xx_HAL_Driver/Src/stm32g0xx_hal_pwr_ex.o
 .debug_line    0x0000c246      0xfc5 ./Drivers/STM32G0xx_HAL_Driver/Src/stm32g0xx_hal_rcc.o
 .debug_line    0x0000d20b      0xb89 ./Drivers/STM32G0xx_HAL_Driver/Src/stm32g0xx_hal_rcc_ex.o
 .debug_line    0x0000dd94     0x1220 ./Drivers/STM32G0xx_HAL_Driver/Src/stm32g0xx_hal_rtc.o
 .debug_line    0x0000efb4     0x1608 ./Drivers/STM32G0xx_HAL_Driver/Src/stm32g0xx_hal_rtc_ex.o
 .debug_line    0x000105bc     0x2005 ./Drivers/STM32G0xx_HAL_Driver/Src/stm32g0xx_hal_spi.o
 .debug_line    0x000125c1     0x357c ./Drivers/STM32G0xx_HAL_Driver/Src/stm32g0xx_hal_uart.o
 .debug_line    0x00015b3d      0xebc ./Drivers/STM32G0xx_HAL_Driver/Src/stm32g0xx_hal_uart_ex.o

.debug_str      0x00000000    0x8f2fc
 .debug_str     0x00000000    0x8abc3 ./Core/Src/LoRa.o
                              0x8b2dd (size before relaxing)
 .debug_str     0x0008abc3      0x3f7 ./Core/Src/adc.o
                              0x8ae57 (size before relaxing)
 .debug_str     0x0008afba      0x1ca ./Core/Src/dma.o
                              0x8a968 (size before relaxing)
 .debug_str     0x0008b184       0x2c ./Core/Src/gpio.o
                              0x8a889 (size before relaxing)
 .debug_str     0x0008b1b0      0x2c8 ./Core/Src/main.o
                              0x8b4c5 (size before relaxing)
 .debug_str     0x0008b478      0x28e ./Core/Src/rtc.o
                              0x8ac7c (size before relaxing)
 .debug_str     0x0008b706       0x4b ./Core/Src/spi.o
                              0x8ad8c (size before relaxing)
 .debug_str     0x0008b751       0x2c ./Core/Src/stm32g0xx_hal_msp.o
                              0x8a7be (size before relaxing)
 .debug_str     0x0008b77d       0xe2 ./Core/Src/stm32g0xx_it.o
                              0x8ac01 (size before relaxing)
 .debug_str     0x0008b85f       0x8e ./Core/Src/system_stm32g0xx.o
                              0x8a664 (size before relaxing)
 .debug_str     0x0008b8ed      0x280 ./Core/Src/usart.o
                              0x8af1c (size before relaxing)
 .debug_str     0x0008bb6d       0x44 ./Core/Startup/startup_stm32g030f6px.o
                                 0x84 (size before relaxing)
 .debug_str     0x0008bbb1      0x43a ./Drivers/STM32G0xx_HAL_Driver/Src/stm32g0xx_hal.o
                              0x8acef (size before relaxing)
 .debug_str     0x0008bfeb      0x8e2 ./Drivers/STM32G0xx_HAL_Driver/Src/stm32g0xx_hal_adc.o
                              0x8b41f (size before relaxing)
 .debug_str     0x0008c8cd      0x28d ./Drivers/STM32G0xx_HAL_Driver/Src/stm32g0xx_hal_cortex.o
                              0x8aab6 (size before relaxing)
 .debug_str     0x0008cb5a      0x26c ./Drivers/STM32G0xx_HAL_Driver/Src/stm32g0xx_hal_dma.o
                              0x8aafe (size before relaxing)
 .debug_str     0x0008cdc6      0x119 ./Drivers/STM32G0xx_HAL_Driver/Src/stm32g0xx_hal_gpio.o
                              0x8a799 (size before relaxing)
 .debug_str     0x0008cedf      0x198 ./Drivers/STM32G0xx_HAL_Driver/Src/stm32g0xx_hal_pwr.o
                              0x8a859 (size before relaxing)
 .debug_str     0x0008d077      0x188 ./Drivers/STM32G0xx_HAL_Driver/Src/stm32g0xx_hal_pwr_ex.o
                              0x8a8b8 (size before relaxing)
 .debug_str     0x0008d1ff      0x4a8 ./Drivers/STM32G0xx_HAL_Driver/Src/stm32g0xx_hal_rcc.o
                              0x8ad88 (size before relaxing)
 .debug_str     0x0008d6a7      0x148 ./Drivers/STM32G0xx_HAL_Driver/Src/stm32g0xx_hal_rcc_ex.o
                              0x8a9a0 (size before relaxing)
 .debug_str     0x0008d7ef      0x338 ./Drivers/STM32G0xx_HAL_Driver/Src/stm32g0xx_hal_rtc.o
                              0x8ab2e (size before relaxing)
 .debug_str     0x0008db27      0x68e ./Drivers/STM32G0xx_HAL_Driver/Src/stm32g0xx_hal_rtc_ex.o
                              0x8af7b (size before relaxing)
 .debug_str     0x0008e1b5      0x52f ./Drivers/STM32G0xx_HAL_Driver/Src/stm32g0xx_hal_spi.o
                              0x8b04a (size before relaxing)
 .debug_str     0x0008e6e4      0x9ad ./Drivers/STM32G0xx_HAL_Driver/Src/stm32g0xx_hal_uart.o
                              0x8b62f (size before relaxing)
 .debug_str     0x0008f091      0x26b ./Drivers/STM32G0xx_HAL_Driver/Src/stm32g0xx_hal_uart_ex.o
                              0x8aeee (size before relaxing)

.comment        0x00000000       0x43
 .comment       0x00000000       0x43 ./Core/Src/LoRa.o
                                 0x44 (size before relaxing)
 .comment       0x00000043       0x44 ./Core/Src/adc.o
 .comment       0x00000043       0x44 ./Core/Src/dma.o
 .comment       0x00000043       0x44 ./Core/Src/gpio.o
 .comment       0x00000043       0x44 ./Core/Src/main.o
 .comment       0x00000043       0x44 ./Core/Src/rtc.o
 .comment       0x00000043       0x44 ./Core/Src/spi.o
 .comment       0x00000043       0x44 ./Core/Src/stm32g0xx_hal_msp.o
 .comment       0x00000043       0x44 ./Core/Src/stm32g0xx_it.o
 .comment       0x00000043       0x44 ./Core/Src/system_stm32g0xx.o
 .comment       0x00000043       0x44 ./Core/Src/usart.o
 .comment       0x00000043       0x44 ./Drivers/STM32G0xx_HAL_Driver/Src/stm32g0xx_hal.o
 .comment       0x00000043       0x44 ./Drivers/STM32G0xx_HAL_Driver/Src/stm32g0xx_hal_adc.o
 .comment       0x00000043       0x44 ./Drivers/STM32G0xx_HAL_Driver/Src/stm32g0xx_hal_cortex.o
 .comment       0x00000043       0x44 ./Drivers/STM32G0xx_HAL_Driver/Src/stm32g0xx_hal_dma.o
 .comment       0x00000043       0x44 ./Drivers/STM32G0xx_HAL_Driver/Src/stm32g0xx_hal_gpio.o
 .comment       0x00000043       0x44 ./Drivers/STM32G0xx_HAL_Driver/Src/stm32g0xx_hal_pwr.o
 .comment       0x00000043       0x44 ./Drivers/STM32G0xx_HAL_Driver/Src/stm32g0xx_hal_pwr_ex.o
 .comment       0x00000043       0x44 ./Drivers/STM32G0xx_HAL_Driver/Src/stm32g0xx_hal_rcc.o
 .comment       0x00000043       0x44 ./Drivers/STM32G0xx_HAL_Driver/Src/stm32g0xx_hal_rcc_ex.o
 .comment       0x00000043       0x44 ./Drivers/STM32G0xx_HAL_Driver/Src/stm32g0xx_hal_rtc.o
 .comment       0x00000043       0x44 ./Drivers/STM32G0xx_HAL_Driver/Src/stm32g0xx_hal_rtc_ex.o
 .comment       0x00000043       0x44 ./Drivers/STM32G0xx_HAL_Driver/Src/stm32g0xx_hal_spi.o
 .comment       0x00000043       0x44 ./Drivers/STM32G0xx_HAL_Driver/Src/stm32g0xx_hal_uart.o
 .comment       0x00000043       0x44 ./Drivers/STM32G0xx_HAL_Driver/Src/stm32g0xx_hal_uart_ex.o

.debug_frame    0x00000000     0x3ad4
 .debug_frame   0x00000000      0x2f0 ./Core/Src/LoRa.o
 .debug_frame   0x000002f0       0x70 ./Core/Src/adc.o
 .debug_frame   0x00000360       0x30 ./Core/Src/dma.o
 .debug_frame   0x00000390       0x30 ./Core/Src/gpio.o
 .debug_frame   0x000003c0       0xb0 ./Core/Src/main.o
 .debug_frame   0x00000470       0x6c ./Core/Src/rtc.o
 .debug_frame   0x000004dc       0x6c ./Core/Src/spi.o
 .debug_frame   0x00000548       0x30 ./Core/Src/stm32g0xx_hal_msp.o
 .debug_frame   0x00000578       0xd4 ./Core/Src/stm32g0xx_it.o
 .debug_frame   0x0000064c       0x4c ./Core/Src/system_stm32g0xx.o
 .debug_frame   0x00000698       0x6c ./Core/Src/usart.o
 .debug_frame   0x00000704      0x360 ./Drivers/STM32G0xx_HAL_Driver/Src/stm32g0xx_hal.o
 .debug_frame   0x00000a64      0x78c ./Drivers/STM32G0xx_HAL_Driver/Src/stm32g0xx_hal_adc.o
 .debug_frame   0x000011f0      0x33c ./Drivers/STM32G0xx_HAL_Driver/Src/stm32g0xx_hal_cortex.o
 .debug_frame   0x0000152c      0x1f0 ./Drivers/STM32G0xx_HAL_Driver/Src/stm32g0xx_hal_dma.o
 .debug_frame   0x0000171c      0x130 ./Drivers/STM32G0xx_HAL_Driver/Src/stm32g0xx_hal_gpio.o
 .debug_frame   0x0000184c      0x170 ./Drivers/STM32G0xx_HAL_Driver/Src/stm32g0xx_hal_pwr.o
 .debug_frame   0x000019bc      0x1f4 ./Drivers/STM32G0xx_HAL_Driver/Src/stm32g0xx_hal_pwr_ex.o
 .debug_frame   0x00001bb0      0x214 ./Drivers/STM32G0xx_HAL_Driver/Src/stm32g0xx_hal_rcc.o
 .debug_frame   0x00001dc4       0xb0 ./Drivers/STM32G0xx_HAL_Driver/Src/stm32g0xx_hal_rcc_ex.o
 .debug_frame   0x00001e74      0x360 ./Drivers/STM32G0xx_HAL_Driver/Src/stm32g0xx_hal_rtc.o
 .debug_frame   0x000021d4      0x578 ./Drivers/STM32G0xx_HAL_Driver/Src/stm32g0xx_hal_rtc_ex.o
 .debug_frame   0x0000274c      0x710 ./Drivers/STM32G0xx_HAL_Driver/Src/stm32g0xx_hal_spi.o
 .debug_frame   0x00002e5c      0x8d4 ./Drivers/STM32G0xx_HAL_Driver/Src/stm32g0xx_hal_uart.o
 .debug_frame   0x00003730      0x258 ./Drivers/STM32G0xx_HAL_Driver/Src/stm32g0xx_hal_uart_ex.o
 .debug_frame   0x00003988       0x20 C:/ST/STM32CubeIDE_1.16.0/STM32CubeIDE/plugins/com.st.stm32cube.ide.mcu.externaltools.gnu-tools-for-stm32.12.3.rel1.win32_1.0.200.202406191623/tools/bin/../lib/gcc/arm-none-eabi/12.3.1/../../../../arm-none-eabi/lib/thumb/v6-m/nofp\libc_nano.a(libc_a-memset.o)
 .debug_frame   0x000039a8       0x2c C:/ST/STM32CubeIDE_1.16.0/STM32CubeIDE/plugins/com.st.stm32cube.ide.mcu.externaltools.gnu-tools-for-stm32.12.3.rel1.win32_1.0.200.202406191623/tools/bin/../lib/gcc/arm-none-eabi/12.3.1/../../../../arm-none-eabi/lib/thumb/v6-m/nofp\libc_nano.a(libc_a-init.o)
 .debug_frame   0x000039d4       0x28 C:/ST/STM32CubeIDE_1.16.0/STM32CubeIDE/plugins/com.st.stm32cube.ide.mcu.externaltools.gnu-tools-for-stm32.12.3.rel1.win32_1.0.200.202406191623/tools/bin/../lib/gcc/arm-none-eabi/12.3.1/../../../../arm-none-eabi/lib/thumb/v6-m/nofp\libc_nano.a(libc_a-memcpy-stub.o)
 .debug_frame   0x000039fc       0x20 C:/ST/STM32CubeIDE_1.16.0/STM32CubeIDE/plugins/com.st.stm32cube.ide.mcu.externaltools.gnu-tools-for-stm32.12.3.rel1.win32_1.0.200.202406191623/tools/bin/../lib/gcc/arm-none-eabi/12.3.1/thumb/v6-m/nofp\libgcc.a(_udivsi3.o)
 .debug_frame   0x00003a1c       0x20 C:/ST/STM32CubeIDE_1.16.0/STM32CubeIDE/plugins/com.st.stm32cube.ide.mcu.externaltools.gnu-tools-for-stm32.12.3.rel1.win32_1.0.200.202406191623/tools/bin/../lib/gcc/arm-none-eabi/12.3.1/thumb/v6-m/nofp\libgcc.a(_divsi3.o)
 .debug_frame   0x00003a3c       0x3c C:/ST/STM32CubeIDE_1.16.0/STM32CubeIDE/plugins/com.st.stm32cube.ide.mcu.externaltools.gnu-tools-for-stm32.12.3.rel1.win32_1.0.200.202406191623/tools/bin/../lib/gcc/arm-none-eabi/12.3.1/thumb/v6-m/nofp\libgcc.a(divdf3.o)
 .debug_frame   0x00003a78       0x30 C:/ST/STM32CubeIDE_1.16.0/STM32CubeIDE/plugins/com.st.stm32cube.ide.mcu.externaltools.gnu-tools-for-stm32.12.3.rel1.win32_1.0.200.202406191623/tools/bin/../lib/gcc/arm-none-eabi/12.3.1/thumb/v6-m/nofp\libgcc.a(fixdfsi.o)
 .debug_frame   0x00003aa8       0x2c C:/ST/STM32CubeIDE_1.16.0/STM32CubeIDE/plugins/com.st.stm32cube.ide.mcu.externaltools.gnu-tools-for-stm32.12.3.rel1.win32_1.0.200.202406191623/tools/bin/../lib/gcc/arm-none-eabi/12.3.1/thumb/v6-m/nofp\libgcc.a(floatsidf.o)

.debug_line_str
                0x00000000       0x68
 .debug_line_str
                0x00000000       0x68 ./Core/Startup/startup_stm32g030f6px.o
